Archive member included to satisfy reference by file (symbol)

C:/Users/ari_z/.pico-sdk/toolchain/14_2_Rel1/bin/../lib/gcc/arm-none-eabi/14.2.1/thumb/v6-m/nofp\libgcc.a(_dvmd_tls.o)
                              CMakeFiles/SemaforoInteligente.dir/C_/Users/ari_z/.pico-sdk/sdk/2.1.1/src/rp2_common/pico_divider/divider_hardware.S.obj (__aeabi_idiv0)
C:/Users/ari_z/.pico-sdk/toolchain/14_2_Rel1/bin/../lib/gcc/arm-none-eabi/14.2.1/thumb/v6-m/nofp\libg.a(libc_a-calloc.o)
                              CMakeFiles/SemaforoInteligente.dir/C_/Users/ari_z/.pico-sdk/sdk/2.1.1/src/rp2_common/pico_malloc/malloc.c.obj (calloc)
C:/Users/ari_z/.pico-sdk/toolchain/14_2_Rel1/bin/../lib/gcc/arm-none-eabi/14.2.1/thumb/v6-m/nofp\libg.a(libc_a-callocr.o)
                              C:/Users/ari_z/.pico-sdk/toolchain/14_2_Rel1/bin/../lib/gcc/arm-none-eabi/14.2.1/thumb/v6-m/nofp\libg.a(libc_a-calloc.o) (_calloc_r)
C:/Users/ari_z/.pico-sdk/toolchain/14_2_Rel1/bin/../lib/gcc/arm-none-eabi/14.2.1/thumb/v6-m/nofp\libg.a(libc_a-malloc.o)
                              CMakeFiles/SemaforoInteligente.dir/C_/Users/ari_z/.pico-sdk/sdk/2.1.1/src/rp2_common/pico_malloc/malloc.c.obj (malloc)
C:/Users/ari_z/.pico-sdk/toolchain/14_2_Rel1/bin/../lib/gcc/arm-none-eabi/14.2.1/thumb/v6-m/nofp\libg.a(libc_a-mallocr.o)
                              C:/Users/ari_z/.pico-sdk/toolchain/14_2_Rel1/bin/../lib/gcc/arm-none-eabi/14.2.1/thumb/v6-m/nofp\libg.a(libc_a-callocr.o) (_malloc_r)
C:/Users/ari_z/.pico-sdk/toolchain/14_2_Rel1/bin/../lib/gcc/arm-none-eabi/14.2.1/thumb/v6-m/nofp\libg.a(libc_a-mlock.o)
                              C:/Users/ari_z/.pico-sdk/toolchain/14_2_Rel1/bin/../lib/gcc/arm-none-eabi/14.2.1/thumb/v6-m/nofp\libg.a(libc_a-mallocr.o) (__malloc_lock)
C:/Users/ari_z/.pico-sdk/toolchain/14_2_Rel1/bin/../lib/gcc/arm-none-eabi/14.2.1/thumb/v6-m/nofp\libg.a(libc_a-realloc.o)
                              CMakeFiles/SemaforoInteligente.dir/C_/Users/ari_z/.pico-sdk/sdk/2.1.1/src/rp2_common/pico_malloc/malloc.c.obj (realloc)
C:/Users/ari_z/.pico-sdk/toolchain/14_2_Rel1/bin/../lib/gcc/arm-none-eabi/14.2.1/thumb/v6-m/nofp\libg.a(libc_a-reallocr.o)
                              C:/Users/ari_z/.pico-sdk/toolchain/14_2_Rel1/bin/../lib/gcc/arm-none-eabi/14.2.1/thumb/v6-m/nofp\libg.a(libc_a-realloc.o) (_realloc_r)
C:/Users/ari_z/.pico-sdk/toolchain/14_2_Rel1/bin/../lib/gcc/arm-none-eabi/14.2.1/thumb/v6-m/nofp\libg.a(libc_a-memcmp.o)
                              CMakeFiles/SemaforoInteligente.dir/C_/Users/ari_z/.pico-sdk/sdk/2.1.1/src/rp2_common/pico_atomic/atomic.c.obj (memcmp)
C:/Users/ari_z/.pico-sdk/toolchain/14_2_Rel1/bin/../lib/gcc/arm-none-eabi/14.2.1/thumb/v6-m/nofp\libg.a(libc_a-memmove.o)
                              C:/Users/ari_z/.pico-sdk/toolchain/14_2_Rel1/bin/../lib/gcc/arm-none-eabi/14.2.1/thumb/v6-m/nofp\libg.a(libc_a-reallocr.o) (memmove)
C:/Users/ari_z/.pico-sdk/toolchain/14_2_Rel1/bin/../lib/gcc/arm-none-eabi/14.2.1/thumb/v6-m/nofp\libg.a(libc_a-lcltime_r.o)
                              CMakeFiles/SemaforoInteligente.dir/C_/Users/ari_z/.pico-sdk/sdk/2.1.1/src/common/pico_util/datetime.c.obj (localtime_r)
C:/Users/ari_z/.pico-sdk/toolchain/14_2_Rel1/bin/../lib/gcc/arm-none-eabi/14.2.1/thumb/v6-m/nofp\libg.a(libc_a-mktime.o)
                              CMakeFiles/SemaforoInteligente.dir/C_/Users/ari_z/.pico-sdk/sdk/2.1.1/src/common/pico_util/datetime.c.obj (mktime)
C:/Users/ari_z/.pico-sdk/toolchain/14_2_Rel1/bin/../lib/gcc/arm-none-eabi/14.2.1/thumb/v6-m/nofp\libg.a(libc_a-month_lengths.o)
                              C:/Users/ari_z/.pico-sdk/toolchain/14_2_Rel1/bin/../lib/gcc/arm-none-eabi/14.2.1/thumb/v6-m/nofp\libg.a(libc_a-lcltime_r.o) (__month_lengths)
C:/Users/ari_z/.pico-sdk/toolchain/14_2_Rel1/bin/../lib/gcc/arm-none-eabi/14.2.1/thumb/v6-m/nofp\libg.a(libc_a-tzcalc_limits.o)
                              C:/Users/ari_z/.pico-sdk/toolchain/14_2_Rel1/bin/../lib/gcc/arm-none-eabi/14.2.1/thumb/v6-m/nofp\libg.a(libc_a-lcltime_r.o) (__tzcalc_limits)
C:/Users/ari_z/.pico-sdk/toolchain/14_2_Rel1/bin/../lib/gcc/arm-none-eabi/14.2.1/thumb/v6-m/nofp\libg.a(libc_a-tzlock.o)
                              C:/Users/ari_z/.pico-sdk/toolchain/14_2_Rel1/bin/../lib/gcc/arm-none-eabi/14.2.1/thumb/v6-m/nofp\libg.a(libc_a-lcltime_r.o) (__tz_lock)
C:/Users/ari_z/.pico-sdk/toolchain/14_2_Rel1/bin/../lib/gcc/arm-none-eabi/14.2.1/thumb/v6-m/nofp\libg.a(libc_a-tzset.o)
                              C:/Users/ari_z/.pico-sdk/toolchain/14_2_Rel1/bin/../lib/gcc/arm-none-eabi/14.2.1/thumb/v6-m/nofp\libg.a(libc_a-lcltime_r.o) (_tzset_unlocked)
C:/Users/ari_z/.pico-sdk/toolchain/14_2_Rel1/bin/../lib/gcc/arm-none-eabi/14.2.1/thumb/v6-m/nofp\libg.a(libc_a-tzset_r.o)
                              C:/Users/ari_z/.pico-sdk/toolchain/14_2_Rel1/bin/../lib/gcc/arm-none-eabi/14.2.1/thumb/v6-m/nofp\libg.a(libc_a-tzset.o) (_tzset_unlocked_r)
C:/Users/ari_z/.pico-sdk/toolchain/14_2_Rel1/bin/../lib/gcc/arm-none-eabi/14.2.1/thumb/v6-m/nofp\libg.a(libc_a-tzvars.o)
[...]
Memory Configuration

Name             Origin             Length             Attributes
FLASH            0x10000000         0x00200000         xr
RAM              0x20000000         0x00040000         xrw
SCRATCH_X        0x20040000         0x00001000         xrw
SCRATCH_Y        0x20041000         0x00001000         xrw
*default*        0x00000000         0xffffffff

Linker script and memory map

LOAD C:/Users/ari_z/.pico-sdk/toolchain/14_2_Rel1/bin/../lib/gcc/arm-none-eabi/14.2.1/thumb/v6-m/nofp/crti.o
LOAD C:/Users/ari_z/.pico-sdk/toolchain/14_2_Rel1/bin/../lib/gcc/arm-none-eabi/14.2.1/thumb/v6-m/nofp/crtbegin.o
LOAD C:/Users/ari_z/.pico-sdk/toolchain/14_2_Rel1/bin/../lib/gcc/arm-none-eabi/14.2.1/thumb/v6-m/nofp/crt0.o

.flash_begin    0x10000000        0x0
                0x10000000                        __flash_binary_start = .

.boot2          0x10000000      0x100
                0x10000000                        __boot2_start__ = .
 *(.boot2)
 .boot2         0x10000000      0x100 pico-sdk/src/rp2040/boot_stage2/CMakeFiles/bs2_default_library.dir/./bs2_default_padded_checksummed.S.obj
                0x10000100                        __boot2_end__ = .
                0x00000001                        ASSERT (((__boot2_end__ - __boot2_start__) == 0x100), ERROR: Pico second stage bootloader must be 256 bytes in size)

.text           0x10000100     0x8248
                0x10000100                        __logical_binary_start = .
 *(.vectors)
 .vectors       0x10000100       0xd4 CMakeFiles/SemaforoInteligente.dir/C_/Users/ari_z/.pico-sdk/sdk/2.1.1/src/rp2_common/pico_crt0/crt0.S.obj
                0x10000100                __VECTOR_TABLE
                0x10000100                __vectors
                0x100001c0                isr_invalid
                0x100001c0                __default_isrs_start
                0x100001c2                isr_nmi
                0x100001c4                isr_hardfault
                0x100001c6                isr_svcall
                0x100001c8                isr_pendsv
                0x100001ca                isr_systick
                0x100001cc                isr_irq23
                0x100001cc                isr_irq18
                0x100001cc                isr_irq11
                0x100001cc                isr_irq28
                0x100001cc                isr_irq19
                0x100001cc                isr_irq0
                0x100001cc                isr_irq6
                0x100001cc                isr_irq5
                0x100001cc                isr_irq12
                0x100001cc                isr_irq22
                0x100001cc                isr_irq31
                0x100001cc                isr_irq17
                0x100001cc                isr_irq27
                0x100001cc                isr_irq30
                0x100001cc                isr_irq2
                0x100001cc                isr_irq10
                0x100001cc                isr_irq8
                0x100001cc                isr_irq24
                0x100001cc                isr_irq1
                0x100001cc                isr_irq7
                0x100001cc                isr_irq21
                0x100001cc                isr_irq20
                0x100001cc                isr_irq15
                0x100001cc                isr_irq25
                0x100001cc                isr_irq13
                0x100001cc                __unhandled_user_irq
                0x100001cc                isr_irq4
                0x100001cc                isr_irq16
                0x100001cc                isr_irq29
                0x100001cc                isr_irq26
                0x100001cc                __default_isrs_end
                0x100001cc                isr_irq3
                0x100001cc                isr_irq14
                0x100001cc                isr_irq9
                0x100001d2                unhandled_user_irq_num_in_r0
 *(.binary_info_header)
 .binary_info_header
                0x100001d4       0x14 CMakeFiles/SemaforoInteligente.dir/C_/Users/ari_z/.pico-sdk/sdk/2.1.1/src/rp2_common/pico_crt0/crt0.S.obj
                0x100001e8                        __binary_info_header_end = .
 *(.embedded_block)
                0x100001e8                        __embedded_block_end = .
 *(.reset)
 .reset         0x100001e8       0x9c CMakeFiles/SemaforoInteligente.dir/C_/Users/ari_z/.pico-sdk/sdk/2.1.1/src/rp2_common/pico_crt0/crt0.S.obj
                0x100001e8                _entry_point
 *(.init)
 .init          0x10000284        0x4 C:/Users/ari_z/.pico-sdk/toolchain/14_2_Rel1/bin/../lib/gcc/arm-none-eabi/14.2.1/thumb/v6-m/nofp/crti.o
                0x10000284                _init
 *(EXCLUDE_FILE(*libm.a: *libc.a:*lib_a-mem*.o *libgcc.a:) .text*)
 .text.register_tm_clones
                0x10000288       0x28 C:/Users/ari_z/.pico-sdk/toolchain/14_2_Rel1/bin/../lib/gcc/arm-none-eabi/14.2.1/thumb/v6-m/nofp/crtbegin.o
 .text.frame_dummy
                0x100002b0       0x24 C:/Users/ari_z/.pico-sdk/toolchain/14_2_Rel1/bin/../lib/gcc/arm-none-eabi/14.2.1/thumb/v6-m/nofp/crtbegin.o
 .text.vSemaforoLedTask
                0x100002d4      0x27c CMakeFiles/SemaforoInteligente.dir/semaforo_inteligente.c.obj
                0x100002d4                vSemaforoLedTask
 .text.vAlteraModoTask
                0x10000550       0x3c CMakeFiles/SemaforoInteligente.dir/semaforo_inteligente.c.obj
                0x10000550                vAlteraModoTask
 .text.vSinaisSonorosTask
                0x1000058c      0x314 CMakeFiles/SemaforoInteligente.dir/semaforo_inteligente.c.obj
                0x1000058c                vSinaisSonorosTask
 .text.vDisplayTask
                0x100008a0      0x168 CMakeFiles/SemaforoInteligente.dir/semaforo_inteligente.c.obj
                0x100008a0                vDisplayTask
 .text.startup.main
                0x10000a08       0x7c CMakeFiles/SemaforoInteligente.dir/semaforo_inteligente.c.obj
                0x10000a08                main
 .text.ssd1306_init
                0x10000a84       0x34 CMakeFiles/SemaforoInteligente.dir/lib/ssd1306.c.obj
                0x10000a84                ssd1306_init
 .text.ssd1306_config
                0x10000ab8      0x1d0 CMakeFiles/SemaforoInteligente.dir/lib/ssd1306.c.obj
                0x10000ab8                ssd1306_config
 .text.ssd1306_send_data
                0x10000c88       0x8c CMakeFiles/SemaforoInteligente.dir/lib/ssd1306.c.obj
                0x10000c88                ssd1306_send_data
 .text.ssd1306_fill
                0x10000d14       0x7c CMakeFiles/SemaforoInteligente.dir/lib/ssd1306.c.obj
                0x10000d14                ssd1306_fill
 .text.ssd1306_draw_char
                0x10000d90      0x20c CMakeFiles/SemaforoInteligente.dir/lib/ssd1306.c.obj
                0x10000d90                ssd1306_draw_char
 .text.ssd1306_draw_string
                0x10000f9c       0x40 CMakeFiles/SemaforoInteligente.dir/lib/ssd1306.c.obj
                0x10000f9c                ssd1306_draw_string
 .text.gpio_set_function
                0x10000fdc       0x34 CMakeFiles/SemaforoInteligente.dir/C_/Users/ari_z/.pico-sdk/sdk/2.1.1/src/rp2_common/hardware_gpio/gpio.c.obj
                0x10000fdc                gpio_set_function
 .text.gpio_set_pulls
                0x10001010       0x28 CMakeFiles/SemaforoInteligente.dir/C_/Users/ari_z/.pico-sdk/sdk/2.1.1/src/rp2_common/hardware_gpio/gpio.c.obj
                0x10001010                gpio_set_pulls
 .text.gpio_init
                0x10001038       0x40 CMakeFiles/SemaforoInteligente.dir/C_/Users/ari_z/.pico-sdk/sdk/2.1.1/src/rp2_common/hardware_gpio/gpio.c.obj
                0x10001038                gpio_init
 .text.rp2040_chip_version
                0x10001078        0xc CMakeFiles/SemaforoInteligente.dir/C_/Users/ari_z/.pico-sdk/sdk/2.1.1/src/rp2040/pico_platform/platform.c.obj
                0x10001078                rp2040_chip_version
 .text.panic    0x10001084       0x30 CMakeFiles/SemaforoInteligente.dir/C_/Users/ari_z/.pico-sdk/sdk/2.1.1/src/rp2_common/pico_platform_panic/panic.c.obj
                0x10001084                panic
 .text.panic_unsupported
                0x100010b4        0xc CMakeFiles/SemaforoInteligente.dir/C_/Users/ari_z/.pico-sdk/sdk/2.1.1/src/rp2_common/pico_platform_panic/panic.c.obj
                0x100010b4                panic_unsupported
 .text.hw_claim_or_assert
                0x100010c0       0x44 CMakeFiles/SemaforoInteligente.dir/C_/Users/ari_z/.pico-sdk/sdk/2.1.1/src/common/hardware_claim/claim.c.obj
                0x100010c0                hw_claim_or_assert
 .text.hw_claim_unused_from_range
                0x10001104       0x88 CMakeFiles/SemaforoInteligente.dir/C_/Users/ari_z/.pico-sdk/sdk/2.1.1/src/common/hardware_claim/claim.c.obj
                0x10001104                hw_claim_unused_from_range
 .text.next_striped_spin_lock_num
                0x1000118c       0x18 CMakeFiles/SemaforoInteligente.dir/C_/Users/ari_z/.pico-sdk/sdk/2.1.1/src/rp2_common/hardware_sync/sync.c.obj
                0x1000118c                next_striped_spin_lock_num
 .text.spin_lock_claim_unused
                0x100011a4       0x24 CMakeFiles/SemaforoInteligente.dir/C_/Users/ari_z/.pico-sdk/sdk/2.1.1/src/rp2_common/hardware_sync/sync.c.obj
                0x100011a4                spin_lock_claim_unused
 .text.spin_locks_reset
                0x100011c8       0x1c CMakeFiles/SemaforoInteligente.dir/C_/Users/ari_z/.pico-sdk/sdk/2.1.1/src/rp2_common/hardware_sync_spin_lock/sync_spin_lock.c.obj
                0x100011c8                spin_locks_reset
 .text.runtime_init_per_core_irq_priorities
                0x100011e4       0x24 CMakeFiles/SemaforoInteligente.dir/C_/Users/ari_z/.pico-sdk/sdk/2.1.1/src/rp2_common/hardware_irq/irq.c.obj
                0x100011e4                runtime_init_per_core_irq_priorities
 .text.irq_set_enabled
                0x10001208       0x24 CMakeFiles/SemaforoInteligente.dir/C_/Users/ari_z/.pico-sdk/sdk/2.1.1/src/rp2_common/hardware_irq/irq.c.obj
                0x10001208                irq_set_enabled
 .text.irq_is_enabled
                0x1000122c       0x18 CMakeFiles/SemaforoInteligente.dir/C_/Users/ari_z/.pico-sdk/sdk/2.1.1/src/rp2_common/hardware_irq/irq.c.obj
                0x1000122c                irq_is_enabled
 .text.irq_set_pending
                0x10001244       0x10 CMakeFiles/SemaforoInteligente.dir/C_/Users/ari_z/.pico-sdk/sdk/2.1.1/src/rp2_common/hardware_irq/irq.c.obj
                0x10001244                irq_set_pending
 .text.irq_has_shared_handler
                0x10001254       0x24 CMakeFiles/SemaforoInteligente.dir/C_/Users/ari_z/.pico-sdk/sdk/2.1.1/src/rp2_common/hardware_irq/irq.c.obj
                0x10001254                irq_has_shared_handler
 .text.irq_set_exclusive_handler
                0x10001278       0x54 CMakeFiles/SemaforoInteligente.dir/C_/Users/ari_z/.pico-sdk/sdk/2.1.1/src/rp2_common/hardware_irq/irq.c.obj
                0x10001278                irq_set_exclusive_handler
 .text.irq_add_shared_handler
                0x100012cc      0x1f4 CMakeFiles/SemaforoInteligente.dir/C_/Users/ari_z/.pico-sdk/sdk/2.1.1/src/rp2_common/hardware_irq/irq.c.obj
                0x100012cc                irq_add_shared_handler
 .text.irq_set_priority
                0x100014c0       0x28 CMakeFiles/SemaforoInteligente.dir/C_/Users/ari_z/.pico-sdk/sdk/2.1.1/src/rp2_common/hardware_irq/irq.c.obj
                0x100014c0                irq_set_priority
 .text.irq_add_tail_to_free_list
                0x100014e8       0xb4 CMakeFiles/SemaforoInteligente.dir/C_/Users/ari_z/.pico-sdk/sdk/2.1.1/src/rp2_common/hardware_irq/irq.c.obj
                0x100014e8                irq_add_tail_to_free_list
 .text.user_irq_claim_unused
                0x1000159c       0x2c CMakeFiles/SemaforoInteligente.dir/C_/Users/ari_z/.pico-sdk/sdk/2.1.1/src/rp2_common/hardware_irq/irq.c.obj
                0x1000159c                user_irq_claim_unused
 .text.lock_init
                0x100015c8       0x10 CMakeFiles/SemaforoInteligente.dir/C_/Users/ari_z/.pico-sdk/sdk/2.1.1/src/common/pico_sync/lock_core.c.obj
                0x100015c8                lock_init
 .text.runtime_init_mutex
                0x100015d8       0x54 CMakeFiles/SemaforoInteligente.dir/C_/Users/ari_z/.pico-sdk/sdk/2.1.1/src/common/pico_sync/mutex.c.obj
                0x100015d8                runtime_init_mutex
 .text.mutex_init
                0x1000162c       0x1c CMakeFiles/SemaforoInteligente.dir/C_/Users/ari_z/.pico-sdk/sdk/2.1.1/src/common/pico_sync/mutex.c.obj
                0x1000162c                mutex_init
 .text.critical_section_init
                0x10001648       0x1c CMakeFiles/SemaforoInteligente.dir/C_/Users/ari_z/.pico-sdk/sdk/2.1.1/src/common/pico_sync/critical_section.c.obj
                0x10001648                critical_section_init
 .text.critical_section_init_with_lock_num
                0x10001664       0x14 CMakeFiles/SemaforoInteligente.dir/C_/Users/ari_z/.pico-sdk/sdk/2.1.1/src/common/pico_sync/critical_section.c.obj
                0x10001664                critical_section_init_with_lock_num
 .text.alarm_pool_irq_handler
                0x10001678      0x300 CMakeFiles/SemaforoInteligente.dir/C_/Users/ari_z/.pico-sdk/sdk/2.1.1/src/common/pico_time/time.c.obj
 .text.sleep_until_callback
                0x10001978       0x24 CMakeFiles/SemaforoInteligente.dir/C_/Users/ari_z/.pico-sdk/sdk/2.1.1/src/common/pico_time/time.c.obj
 .text.runtime_init_default_alarm_pool
                0x1000199c       0xdc CMakeFiles/SemaforoInteligente.dir/C_/Users/ari_z/.pico-sdk/sdk/2.1.1/src/common/pico_time/time.c.obj
                0x1000199c                runtime_init_default_alarm_pool
 .text.alarm_pool_get_default
                0x10001a78        0x8 CMakeFiles/SemaforoInteligente.dir/C_/Users/ari_z/.pico-sdk/sdk/2.1.1/src/common/pico_time/time.c.obj
                0x10001a78                alarm_pool_get_default
 .text.alarm_pool_add_alarm_at
                0x10001a80       0xd0 CMakeFiles/SemaforoInteligente.dir/C_/Users/ari_z/.pico-sdk/sdk/2.1.1/src/common/pico_time/time.c.obj
                0x10001a80                alarm_pool_add_alarm_at
 .text.alarm_pool_add_alarm_at_force_in_context
                0x10001b50       0xb0 CMakeFiles/SemaforoInteligente.dir/C_/Users/ari_z/.pico-sdk/sdk/2.1.1/src/common/pico_time/time.c.obj
                0x10001b50                alarm_pool_add_alarm_at_force_in_context
 .text.alarm_pool_cancel_alarm
                0x10001c00       0x74 CMakeFiles/SemaforoInteligente.dir/C_/Users/ari_z/.pico-sdk/sdk/2.1.1/src/common/pico_time/time.c.obj
                0x10001c00                alarm_pool_cancel_alarm
 .text.alarm_pool_core_num
                0x10001c74        0x4 CMakeFiles/SemaforoInteligente.dir/C_/Users/ari_z/.pico-sdk/sdk/2.1.1/src/common/pico_time/time.c.obj
                0x10001c74                alarm_pool_core_num
 .text.best_effort_wfe_or_timeout
                0x10001c78      0x10c CMakeFiles/SemaforoInteligente.dir/C_/Users/ari_z/.pico-sdk/sdk/2.1.1/src/common/pico_time/time.c.obj
                0x10001c78                best_effort_wfe_or_timeout
 .text.timer_hardware_alarm_claim
                0x10001d84       0x14 CMakeFiles/SemaforoInteligente.dir/C_/Users/ari_z/.pico-sdk/sdk/2.1.1/src/rp2_common/hardware_timer/timer.c.obj
                0x10001d84                timer_hardware_alarm_claim
 .text.timer_time_us_64
                0x10001d98       0x10 CMakeFiles/SemaforoInteligente.dir/C_/Users/ari_z/.pico-sdk/sdk/2.1.1/src/rp2_common/hardware_timer/timer.c.obj
                0x10001d98                timer_time_us_64
 .text.time_us_64
                0x10001da8       0x14 CMakeFiles/SemaforoInteligente.dir/C_/Users/ari_z/.pico-sdk/sdk/2.1.1/src/rp2_common/hardware_timer/timer.c.obj
                0x10001da8                time_us_64
 .text.clock_configure_int_divider
                0x10001dbc       0xf4 CMakeFiles/SemaforoInteligente.dir/C_/Users/ari_z/.pico-sdk/sdk/2.1.1/src/rp2_common/hardware_clocks/clocks.c.obj
                0x10001dbc                clock_configure_int_divider
 .text.clock_configure_undivided
                0x10001eb0       0xe8 CMakeFiles/SemaforoInteligente.dir/C_/Users/ari_z/.pico-sdk/sdk/2.1.1/src/rp2_common/hardware_clocks/clocks.c.obj
                0x10001eb0                clock_configure_undivided
 .text.clock_get_hz
                0x10001f98        0xc CMakeFiles/SemaforoInteligente.dir/C_/Users/ari_z/.pico-sdk/sdk/2.1.1/src/rp2_common/hardware_clocks/clocks.c.obj
                0x10001f98                clock_get_hz
 .text.pll_init
                0x10001fa4       0xa4 CMakeFiles/SemaforoInteligente.dir/C_/Users/ari_z/.pico-sdk/sdk/2.1.1/src/rp2_common/hardware_pll/pll.c.obj
                0x10001fa4                pll_init
 .text.watchdog_reboot
                0x10002048       0x9c CMakeFiles/SemaforoInteligente.dir/C_/Users/ari_z/.pico-sdk/sdk/2.1.1/src/rp2_common/hardware_watchdog/watchdog.c.obj
                0x10002048                watchdog_reboot
 .text.tick_start
                0x100020e4       0x10 CMakeFiles/SemaforoInteligente.dir/C_/Users/ari_z/.pico-sdk/sdk/2.1.1/src/rp2_common/hardware_ticks/ticks.c.obj
                0x100020e4                tick_start
 .text.rom_func_lookup
                0x100020f4       0x10 CMakeFiles/SemaforoInteligente.dir/C_/Users/ari_z/.pico-sdk/sdk/2.1.1/src/rp2_common/pico_bootrom/bootrom.c.obj
                0x100020f4                rom_func_lookup
 .text.rom_data_lookup
                0x10002104       0x10 CMakeFiles/SemaforoInteligente.dir/C_/Users/ari_z/.pico-sdk/sdk/2.1.1/src/rp2_common/pico_bootrom/bootrom.c.obj
                0x10002104                rom_data_lookup
 .text.rom_funcs_lookup
                0x10002114       0x44 CMakeFiles/SemaforoInteligente.dir/C_/Users/ari_z/.pico-sdk/sdk/2.1.1/src/rp2_common/pico_bootrom/bootrom.c.obj
                0x10002114                rom_funcs_lookup
 .text.rom_reset_usb_boot_extra
                0x10002158       0x24 CMakeFiles/SemaforoInteligente.dir/C_/Users/ari_z/.pico-sdk/sdk/2.1.1/src/rp2_common/pico_bootrom/bootrom.c.obj
                0x10002158                rom_reset_usb_boot_extra
 .text.xosc_init
                0x1000217c       0x28 CMakeFiles/SemaforoInteligente.dir/C_/Users/ari_z/.pico-sdk/sdk/2.1.1/src/rp2_common/hardware_xosc/xosc.c.obj
                0x1000217c                xosc_init
 .text.first_per_core_initializer
                0x100021a4        0x4 CMakeFiles/SemaforoInteligente.dir/C_/Users/ari_z/.pico-sdk/sdk/2.1.1/src/rp2_common/pico_runtime/runtime.c.obj
 .text.hard_assertion_failure
                0x100021a8        0xc CMakeFiles/SemaforoInteligente.dir/C_/Users/ari_z/.pico-sdk/sdk/2.1.1/src/rp2_common/pico_runtime/runtime.c.obj
                0x100021a8                hard_assertion_failure
 .text.runtime_run_initializers
                0x100021b4       0x28 CMakeFiles/SemaforoInteligente.dir/C_/Users/ari_z/.pico-sdk/sdk/2.1.1/src/rp2_common/pico_runtime/runtime.c.obj
                0x100021b4                runtime_run_initializers
 .text.runtime_init_early_resets
                0x100021dc       0x2c CMakeFiles/SemaforoInteligente.dir/C_/Users/ari_z/.pico-sdk/sdk/2.1.1/src/rp2_common/pico_runtime_init/runtime_init.c.obj
                0x100021dc                runtime_init_early_resets
 .text.runtime_init_usb_power_down
                0x10002208       0x1c CMakeFiles/SemaforoInteligente.dir/C_/Users/ari_z/.pico-sdk/sdk/2.1.1/src/rp2_common/pico_runtime_init/runtime_init.c.obj
                0x10002208                runtime_init_usb_power_down
 .text.runtime_init_post_clock_resets
                0x10002224       0x20 CMakeFiles/SemaforoInteligente.dir/C_/Users/ari_z/.pico-sdk/sdk/2.1.1/src/rp2_common/pico_runtime_init/runtime_init.c.obj
                0x10002224                runtime_init_post_clock_resets
 .text.runtime_init_rp2040_gpio_ie_disable
                0x10002244       0x14 CMakeFiles/SemaforoInteligente.dir/C_/Users/ari_z/.pico-sdk/sdk/2.1.1/src/rp2_common/pico_runtime_init/runtime_init.c.obj
                0x10002244                runtime_init_rp2040_gpio_ie_disable
 .text.runtime_init_spin_locks_reset
                0x10002258        0x8 CMakeFiles/SemaforoInteligente.dir/C_/Users/ari_z/.pico-sdk/sdk/2.1.1/src/rp2_common/pico_runtime_init/runtime_init.c.obj
                0x10002258                runtime_init_spin_locks_reset
 .text.runtime_init_install_ram_vector_table
                0x10002260       0x1c CMakeFiles/SemaforoInteligente.dir/C_/Users/ari_z/.pico-sdk/sdk/2.1.1/src/rp2_common/pico_runtime_init/runtime_init.c.obj
                0x10002260                runtime_init_install_ram_vector_table
 .text.runtime_init_clocks
                0x1000227c       0xd8 CMakeFiles/SemaforoInteligente.dir/C_/Users/ari_z/.pico-sdk/sdk/2.1.1/src/rp2_common/pico_runtime_init/runtime_init_clocks.c.obj
                0x1000227c                runtime_init_clocks
 .text          0x10002354       0x10 CMakeFiles/SemaforoInteligente.dir/C_/Users/ari_z/.pico-sdk/sdk/2.1.1/src/rp2_common/pico_bit_ops/bit_ops_aeabi.S.obj
 .text.__wrap___aeabi_idiv
                0x10002364       0x50 CMakeFiles/SemaforoInteligente.dir/C_/Users/ari_z/.pico-sdk/sdk/2.1.1/src/rp2_common/pico_divider/divider_hardware.S.obj
                0x10002364                __wrap___aeabi_idivmod
                0x10002364                divmod_s32s32
                0x10002364                div_s32s32
                0x10002364                __wrap___aeabi_idiv
                0x1000236c                divmod_s32s32_unsafe
                0x10002398                divmod_s32s32_savestate
 .text.__wrap___aeabi_uidiv
                0x100023b4       0x4c CMakeFiles/SemaforoInteligente.dir/C_/Users/ari_z/.pico-sdk/sdk/2.1.1/src/rp2_common/pico_divider/divider_hardware.S.obj
                0x100023b4                __wrap___aeabi_uidiv
                0x100023b4                __wrap___aeabi_uidivmod
                0x100023b4                div_u32u32
                0x100023b4                divmod_u32u32
                0x100023bc                divmod_u32u32_unsafe
                0x100023e4                divmod_u32u32_savestate
 .text.__wrap___aeabi_ldiv
                0x10002400      0x424 CMakeFiles/SemaforoInteligente.dir/C_/Users/ari_z/.pico-sdk/sdk/2.1.1/src/rp2_common/pico_divider/divider_hardware.S.obj
                0x10002400                div_s64s64
                0x10002400                divmod_s64s64
                0x10002400                __wrap___aeabi_ldivmod
                0x10002430                divmod_u64u64
                0x10002430                div_u64u64
                0x10002430                __wrap___aeabi_uldivmod
                0x10002440                divmod_u64u64_savestate
                0x10002460                divmod_s64s64_unsafe
                0x100024e8                divmod_u64u64_unsafe
 .text.missing_double_func_shim
                0x10002824        0xc CMakeFiles/SemaforoInteligente.dir/C_/Users/ari_z/.pico-sdk/sdk/2.1.1/src/rp2_common/pico_double/double_init_rom_rp2040.c.obj
 .text.__aeabi_double_init
                0x10002830       0xa0 CMakeFiles/SemaforoInteligente.dir/C_/Users/ari_z/.pico-sdk/sdk/2.1.1/src/rp2_common/pico_double/double_init_rom_rp2040.c.obj
                0x10002830                __aeabi_double_init
 .text.double_table_shim_on_use_helper
                0x100028d0       0x2c CMakeFiles/SemaforoInteligente.dir/C_/Users/ari_z/.pico-sdk/sdk/2.1.1/src/rp2_common/pico_double/double_v1_rom_shim_rp2040.S.obj
                0x100028d0                double_table_shim_on_use_helper
 .text.__aeabi_lmul
                0x100028fc       0x32 CMakeFiles/SemaforoInteligente.dir/C_/Users/ari_z/.pico-sdk/sdk/2.1.1/src/rp2_common/pico_int64_ops/pico_int64_ops_aeabi.S.obj
                0x100028fc                __wrap___aeabi_lmul
 *fill*         0x1000292e        0x2 
 .text.missing_float_func_shim
                0x10002930        0xc CMakeFiles/SemaforoInteligente.dir/C_/Users/ari_z/.pico-sdk/sdk/2.1.1/src/rp2_common/pico_float/float_init_rom_rp2040.c.obj
 .text.__aeabi_float_init
                0x1000293c       0x5c CMakeFiles/SemaforoInteligente.dir/C_/Users/ari_z/.pico-sdk/sdk/2.1.1/src/rp2_common/pico_float/float_init_rom_rp2040.c.obj
                0x1000293c                __aeabi_float_init
 .text.__wrap_calloc
                0x10002998       0x44 CMakeFiles/SemaforoInteligente.dir/C_/Users/ari_z/.pico-sdk/sdk/2.1.1/src/rp2_common/pico_malloc/malloc.c.obj
                0x10002998                __wrap_calloc
 .text          0x100029dc       0x10 CMakeFiles/SemaforoInteligente.dir/C_/Users/ari_z/.pico-sdk/sdk/2.1.1/src/rp2_common/pico_mem_ops/mem_ops_aeabi.S.obj
                0x100029dc                __aeabi_mem_init
 .text.memset   0x100029ec        0xc CMakeFiles/SemaforoInteligente.dir/C_/Users/ari_z/.pico-sdk/sdk/2.1.1/src/rp2_common/pico_mem_ops/mem_ops_aeabi.S.obj
                0x100029ec                __wrap_memset
 .text.memcpy   0x100029f8        0xc CMakeFiles/SemaforoInteligente.dir/C_/Users/ari_z/.pico-sdk/sdk/2.1.1/src/rp2_common/pico_mem_ops/mem_ops_aeabi.S.obj
                0x100029f8                __wrap_memcpy
                0x100029f8                __wrap___aeabi_memcpy
 .text._out_char
                0x10002a04       0x10 CMakeFiles/SemaforoInteligente.dir/C_/Users/ari_z/.pico-sdk/sdk/2.1.1/src/rp2_common/pico_printf/printf.c.obj
 .text.weak_raw_vprintf
                0x10002a14       0x30 CMakeFiles/SemaforoInteligente.dir/C_/Users/ari_z/.pico-sdk/sdk/2.1.1/src/rp2_common/pico_printf/printf.c.obj
                0x10002a14                weak_raw_vprintf
 .text._exit    0x10002a44        0x4 CMakeFiles/SemaforoInteligente.dir/C_/Users/ari_z/.pico-sdk/sdk/2.1.1/src/rp2_common/pico_clib_interface/newlib_interface.c.obj
                0x10002a44                _exit
 .text._sbrk    0x10002a48       0x34 CMakeFiles/SemaforoInteligente.dir/C_/Users/ari_z/.pico-sdk/sdk/2.1.1/src/rp2_common/pico_clib_interface/newlib_interface.c.obj
                0x10002a48                _sbrk
 .text.exit     0x10002a7c        0x8 CMakeFiles/SemaforoInteligente.dir/C_/Users/ari_z/.pico-sdk/sdk/2.1.1/src/rp2_common/pico_clib_interface/newlib_interface.c.obj
                0x10002a7c                exit
 .text.runtime_init
                0x10002a84       0x2c CMakeFiles/SemaforoInteligente.dir/C_/Users/ari_z/.pico-sdk/sdk/2.1.1/src/rp2_common/pico_clib_interface/newlib_interface.c.obj
                0x10002a84                runtime_init
 .text.stdio_out_chars_no_crlf
                0x10002ab0       0x10 CMakeFiles/SemaforoInteligente.dir/C_/Users/ari_z/.pico-sdk/sdk/2.1.1/src/rp2_common/pico_stdio/stdio.c.obj
 .text.stdio_out_chars_crlf
                0x10002ac0       0xb0 CMakeFiles/SemaforoInteligente.dir/C_/Users/ari_z/.pico-sdk/sdk/2.1.1/src/rp2_common/pico_stdio/stdio.c.obj
 .text.stdio_put_string
                0x10002b70       0xfc CMakeFiles/SemaforoInteligente.dir/C_/Users/ari_z/.pico-sdk/sdk/2.1.1/src/rp2_common/pico_stdio/stdio.c.obj
                0x10002b70                stdio_put_string
 .text.stdio_set_driver_enabled
                0x10002c6c       0x30 CMakeFiles/SemaforoInteligente.dir/C_/Users/ari_z/.pico-sdk/sdk/2.1.1/src/rp2_common/pico_stdio/stdio.c.obj
                0x10002c6c                stdio_set_driver_enabled
 .text.stdio_init_all
                0x10002c9c        0x8 CMakeFiles/SemaforoInteligente.dir/C_/Users/ari_z/.pico-sdk/sdk/2.1.1/src/rp2_common/pico_stdio/stdio.c.obj
                0x10002c9c                stdio_init_all
 .text.__wrap_putchar
                0x10002ca4       0x94 CMakeFiles/SemaforoInteligente.dir/C_/Users/ari_z/.pico-sdk/sdk/2.1.1/src/rp2_common/pico_stdio/stdio.c.obj
                0x10002ca4                __wrap_putchar
                0x10002ca4                stdio_putchar
 .text.__wrap_puts
                0x10002d38       0x3c CMakeFiles/SemaforoInteligente.dir/C_/Users/ari_z/.pico-sdk/sdk/2.1.1/src/rp2_common/pico_stdio/stdio.c.obj
                0x10002d38                stdio_puts
                0x10002d38                __wrap_puts
 .text.resetd_init
                0x10002d74        0x4 CMakeFiles/SemaforoInteligente.dir/C_/Users/ari_z/.pico-sdk/sdk/2.1.1/src/rp2_common/pico_stdio_usb/reset_interface.c.obj
 .text.resetd_reset
                0x10002d78        0xc CMakeFiles/SemaforoInteligente.dir/C_/Users/ari_z/.pico-sdk/sdk/2.1.1/src/rp2_common/pico_stdio_usb/reset_interface.c.obj
 .text.resetd_open
                0x10002d84       0x28 CMakeFiles/SemaforoInteligente.dir/C_/Users/ari_z/.pico-sdk/sdk/2.1.1/src/rp2_common/pico_stdio_usb/reset_interface.c.obj
 .text.resetd_xfer_cb
                0x10002dac        0x4 CMakeFiles/SemaforoInteligente.dir/C_/Users/ari_z/.pico-sdk/sdk/2.1.1/src/rp2_common/pico_stdio_usb/reset_interface.c.obj
 .text.resetd_control_xfer_cb
                0x10002db0       0x54 CMakeFiles/SemaforoInteligente.dir/C_/Users/ari_z/.pico-sdk/sdk/2.1.1/src/rp2_common/pico_stdio_usb/reset_interface.c.obj
 .text.tud_descriptor_bos_cb
                0x10002e04        0x8 CMakeFiles/SemaforoInteligente.dir/C_/Users/ari_z/.pico-sdk/sdk/2.1.1/src/rp2_common/pico_stdio_usb/reset_interface.c.obj
                0x10002e04                tud_descriptor_bos_cb
 .text.tud_vendor_control_xfer_cb
                0x10002e0c       0x34 CMakeFiles/SemaforoInteligente.dir/C_/Users/ari_z/.pico-sdk/sdk/2.1.1/src/rp2_common/pico_stdio_usb/reset_interface.c.obj
                0x10002e0c                tud_vendor_control_xfer_cb
 .text.usbd_app_driver_get_cb
                0x10002e40        0xc CMakeFiles/SemaforoInteligente.dir/C_/Users/ari_z/.pico-sdk/sdk/2.1.1/src/rp2_common/pico_stdio_usb/reset_interface.c.obj
                0x10002e40                usbd_app_driver_get_cb
 .text.tud_cdc_line_coding_cb
                0x10002e4c       0x2c CMakeFiles/SemaforoInteligente.dir/C_/Users/ari_z/.pico-sdk/sdk/2.1.1/src/rp2_common/pico_stdio_usb/reset_interface.c.obj
                0x10002e4c                tud_cdc_line_coding_cb
 .text.stdio_usb_set_chars_available_callback
                0x10002e78       0x14 CMakeFiles/SemaforoInteligente.dir/C_/Users/ari_z/.pico-sdk/sdk/2.1.1/src/rp2_common/pico_stdio_usb/stdio_usb.c.obj
                0x10002e78                stdio_usb_set_chars_available_callback
 .text.usb_irq  0x10002e8c       0x10 CMakeFiles/SemaforoInteligente.dir/C_/Users/ari_z/.pico-sdk/sdk/2.1.1/src/rp2_common/pico_stdio_usb/stdio_usb.c.obj
 .text.timer_task
                0x10002e9c       0x64 CMakeFiles/SemaforoInteligente.dir/C_/Users/ari_z/.pico-sdk/sdk/2.1.1/src/rp2_common/pico_stdio_usb/stdio_usb.c.obj
 .text.stdio_usb_in_chars
                0x10002f00       0x8c CMakeFiles/SemaforoInteligente.dir/C_/Users/ari_z/.pico-sdk/sdk/2.1.1/src/rp2_common/pico_stdio_usb/stdio_usb.c.obj
                0x10002f00                stdio_usb_in_chars
 .text.stdio_usb_out_flush
                0x10002f8c       0x4c CMakeFiles/SemaforoInteligente.dir/C_/Users/ari_z/.pico-sdk/sdk/2.1.1/src/rp2_common/pico_stdio_usb/stdio_usb.c.obj
 .text.stdio_usb_out_chars
                0x10002fd8      0x100 CMakeFiles/SemaforoInteligente.dir/C_/Users/ari_z/.pico-sdk/sdk/2.1.1/src/rp2_common/pico_stdio_usb/stdio_usb.c.obj
 .text.low_priority_worker_irq
                0x100030d8       0xc8 CMakeFiles/SemaforoInteligente.dir/C_/Users/ari_z/.pico-sdk/sdk/2.1.1/src/rp2_common/pico_stdio_usb/stdio_usb.c.obj
 .text.stdio_usb_init
                0x100031a0       0xe8 CMakeFiles/SemaforoInteligente.dir/C_/Users/ari_z/.pico-sdk/sdk/2.1.1/src/rp2_common/pico_stdio_usb/stdio_usb.c.obj
                0x100031a0                stdio_usb_init
 .text.tud_descriptor_device_cb
                0x10003288        0x8 CMakeFiles/SemaforoInteligente.dir/C_/Users/ari_z/.pico-sdk/sdk/2.1.1/src/rp2_common/pico_stdio_usb/stdio_usb_descriptors.c.obj
                0x10003288                tud_descriptor_device_cb
 .text.tud_descriptor_configuration_cb
                0x10003290        0x8 CMakeFiles/SemaforoInteligente.dir/C_/Users/ari_z/.pico-sdk/sdk/2.1.1/src/rp2_common/pico_stdio_usb/stdio_usb_descriptors.c.obj
                0x10003290                tud_descriptor_configuration_cb
 .text.tud_descriptor_string_cb
                0x10003298       0x78 CMakeFiles/SemaforoInteligente.dir/C_/Users/ari_z/.pico-sdk/sdk/2.1.1/src/rp2_common/pico_stdio_usb/stdio_usb_descriptors.c.obj
                0x10003298                tud_descriptor_string_cb
 .text.startup._retrieve_unique_id_on_boot
                0x10003310       0x10 CMakeFiles/SemaforoInteligente.dir/C_/Users/ari_z/.pico-sdk/sdk/2.1.1/src/rp2_common/pico_unique_id/unique_id.c.obj
 .text.pico_get_unique_board_id_string
                0x10003320      0x1a8 CMakeFiles/SemaforoInteligente.dir/C_/Users/ari_z/.pico-sdk/sdk/2.1.1/src/rp2_common/pico_unique_id/unique_id.c.obj
                0x10003320                pico_get_unique_board_id_string
 .text.flash_get_unique_id
                0x100034c8       0x3c CMakeFiles/SemaforoInteligente.dir/C_/Users/ari_z/.pico-sdk/sdk/2.1.1/src/rp2_common/hardware_flash/flash.c.obj
                0x100034c8                flash_get_unique_id
 .text.dcd_init
                0x10003504       0x90 CMakeFiles/SemaforoInteligente.dir/C_/Users/ari_z/.pico-sdk/sdk/2.1.1/lib/tinyusb/src/portable/raspberrypi/rp2040/dcd_rp2040.c.obj
                0x10003504                dcd_init
 .text.dcd_int_enable
                0x10003594        0xc CMakeFiles/SemaforoInteligente.dir/C_/Users/ari_z/.pico-sdk/sdk/2.1.1/lib/tinyusb/src/portable/raspberrypi/rp2040/dcd_rp2040.c.obj
                0x10003594                dcd_int_enable
 .text.dcd_set_address
                0x100035a0       0x14 CMakeFiles/SemaforoInteligente.dir/C_/Users/ari_z/.pico-sdk/sdk/2.1.1/lib/tinyusb/src/portable/raspberrypi/rp2040/dcd_rp2040.c.obj
                0x100035a0                dcd_set_address
 .text.dcd_sof_enable
                0x100035b4       0x1c CMakeFiles/SemaforoInteligente.dir/C_/Users/ari_z/.pico-sdk/sdk/2.1.1/lib/tinyusb/src/portable/raspberrypi/rp2040/dcd_rp2040.c.obj
                0x100035b4                dcd_sof_enable
 .text.dcd_edpt0_status_complete
                0x100035d0       0x1c CMakeFiles/SemaforoInteligente.dir/C_/Users/ari_z/.pico-sdk/sdk/2.1.1/lib/tinyusb/src/portable/raspberrypi/rp2040/dcd_rp2040.c.obj
                0x100035d0                dcd_edpt0_status_complete
 .text.dcd_edpt_open
                0x100035ec      0x114 CMakeFiles/SemaforoInteligente.dir/C_/Users/ari_z/.pico-sdk/sdk/2.1.1/lib/tinyusb/src/portable/raspberrypi/rp2040/dcd_rp2040.c.obj
                0x100035ec                dcd_edpt_open
 .text.dcd_edpt_close_all
                0x10003700        0x8 CMakeFiles/SemaforoInteligente.dir/C_/Users/ari_z/.pico-sdk/sdk/2.1.1/lib/tinyusb/src/portable/raspberrypi/rp2040/dcd_rp2040.c.obj
                0x10003700                dcd_edpt_close_all
 .text.dcd_edpt_xfer
                0x10003708       0x24 CMakeFiles/SemaforoInteligente.dir/C_/Users/ari_z/.pico-sdk/sdk/2.1.1/lib/tinyusb/src/portable/raspberrypi/rp2040/dcd_rp2040.c.obj
                0x10003708                dcd_edpt_xfer
 .text.dcd_edpt_stall
                0x1000372c       0x3c CMakeFiles/SemaforoInteligente.dir/C_/Users/ari_z/.pico-sdk/sdk/2.1.1/lib/tinyusb/src/portable/raspberrypi/rp2040/dcd_rp2040.c.obj
                0x1000372c                dcd_edpt_stall
 .text.dcd_edpt_clear_stall
                0x10003768       0x30 CMakeFiles/SemaforoInteligente.dir/C_/Users/ari_z/.pico-sdk/sdk/2.1.1/lib/tinyusb/src/portable/raspberrypi/rp2040/dcd_rp2040.c.obj
                0x10003768                dcd_edpt_clear_stall
 .text.rp2040_usb_init
                0x10003798       0x40 CMakeFiles/SemaforoInteligente.dir/C_/Users/ari_z/.pico-sdk/sdk/2.1.1/lib/tinyusb/src/portable/raspberrypi/rp2040/rp2040_usb.c.obj
                0x10003798                rp2040_usb_init
 .text.hw_endpoint_xfer_start
                0x100037d8       0x40 CMakeFiles/SemaforoInteligente.dir/C_/Users/ari_z/.pico-sdk/sdk/2.1.1/lib/tinyusb/src/portable/raspberrypi/rp2040/rp2040_usb.c.obj
                0x100037d8                hw_endpoint_xfer_start
 .text.tud_event_hook_cb
                0x10003818        0x4 CMakeFiles/SemaforoInteligente.dir/C_/Users/ari_z/.pico-sdk/sdk/2.1.1/lib/tinyusb/src/device/usbd.c.obj
                0x10003818                tud_event_hook_cb
 .text.tud_sof_cb
                0x1000381c        0x4 CMakeFiles/SemaforoInteligente.dir/C_/Users/ari_z/.pico-sdk/sdk/2.1.1/lib/tinyusb/src/device/usbd.c.obj
                0x1000381c                tud_sof_cb
 .text.tud_descriptor_device_qualifier_cb
                0x10003820        0x4 CMakeFiles/SemaforoInteligente.dir/C_/Users/ari_z/.pico-sdk/sdk/2.1.1/lib/tinyusb/src/device/usbd.c.obj
                0x10003820                tud_descriptor_device_qualifier_cb
 .text.tud_descriptor_other_speed_configuration_cb
                0x10003824        0x4 CMakeFiles/SemaforoInteligente.dir/C_/Users/ari_z/.pico-sdk/sdk/2.1.1/lib/tinyusb/src/device/usbd.c.obj
                0x10003824                tud_descriptor_other_speed_configuration_cb
 .text.tud_mount_cb
                0x10003828        0x4 CMakeFiles/SemaforoInteligente.dir/C_/Users/ari_z/.pico-sdk/sdk/2.1.1/lib/tinyusb/src/device/usbd.c.obj
                0x10003828                tud_mount_cb
 .text.tud_umount_cb
                0x1000382c        0x4 CMakeFiles/SemaforoInteligente.dir/C_/Users/ari_z/.pico-sdk/sdk/2.1.1/lib/tinyusb/src/device/usbd.c.obj
                0x1000382c                tud_umount_cb
 .text.tud_suspend_cb
                0x10003830        0x4 CMakeFiles/SemaforoInteligente.dir/C_/Users/ari_z/.pico-sdk/sdk/2.1.1/lib/tinyusb/src/device/usbd.c.obj
                0x10003830                tud_suspend_cb
 .text.tud_resume_cb
                0x10003834        0x4 CMakeFiles/SemaforoInteligente.dir/C_/Users/ari_z/.pico-sdk/sdk/2.1.1/lib/tinyusb/src/device/usbd.c.obj
                0x10003834                tud_resume_cb
 .text.tud_mounted
                0x10003838       0x10 CMakeFiles/SemaforoInteligente.dir/C_/Users/ari_z/.pico-sdk/sdk/2.1.1/lib/tinyusb/src/device/usbd.c.obj
                0x10003838                tud_mounted
 .text.tud_suspended
                0x10003848       0x10 CMakeFiles/SemaforoInteligente.dir/C_/Users/ari_z/.pico-sdk/sdk/2.1.1/lib/tinyusb/src/device/usbd.c.obj
                0x10003848                tud_suspended
 .text.tud_rhport_init
                0x10003858       0xf4 CMakeFiles/SemaforoInteligente.dir/C_/Users/ari_z/.pico-sdk/sdk/2.1.1/lib/tinyusb/src/device/usbd.c.obj
                0x10003858                tud_rhport_init
 .text.tud_task_ext
                0x1000394c      0x800 CMakeFiles/SemaforoInteligente.dir/C_/Users/ari_z/.pico-sdk/sdk/2.1.1/lib/tinyusb/src/device/usbd.c.obj
                0x1000394c                tud_task_ext
 .text.usbd_open_edpt_pair
                0x1000414c       0x9c CMakeFiles/SemaforoInteligente.dir/C_/Users/ari_z/.pico-sdk/sdk/2.1.1/lib/tinyusb/src/device/usbd.c.obj
                0x1000414c                usbd_open_edpt_pair
 .text.usbd_edpt_open
                0x100041e8       0x34 CMakeFiles/SemaforoInteligente.dir/C_/Users/ari_z/.pico-sdk/sdk/2.1.1/lib/tinyusb/src/device/usbd.c.obj
                0x100041e8                usbd_edpt_open
 .text.usbd_edpt_claim
                0x1000421c       0x28 CMakeFiles/SemaforoInteligente.dir/C_/Users/ari_z/.pico-sdk/sdk/2.1.1/lib/tinyusb/src/device/usbd.c.obj
                0x1000421c                usbd_edpt_claim
 .text.usbd_edpt_release
                0x10004244       0x28 CMakeFiles/SemaforoInteligente.dir/C_/Users/ari_z/.pico-sdk/sdk/2.1.1/lib/tinyusb/src/device/usbd.c.obj
                0x10004244                usbd_edpt_release
 .text.usbd_edpt_xfer
                0x1000426c       0x4c CMakeFiles/SemaforoInteligente.dir/C_/Users/ari_z/.pico-sdk/sdk/2.1.1/lib/tinyusb/src/device/usbd.c.obj
                0x1000426c                usbd_edpt_xfer
 .text.tud_control_status
                0x100042b8       0x2c CMakeFiles/SemaforoInteligente.dir/C_/Users/ari_z/.pico-sdk/sdk/2.1.1/lib/tinyusb/src/device/usbd_control.c.obj
                0x100042b8                tud_control_status
 .text.tud_control_xfer
                0x100042e4       0xa8 CMakeFiles/SemaforoInteligente.dir/C_/Users/ari_z/.pico-sdk/sdk/2.1.1/lib/tinyusb/src/device/usbd_control.c.obj
                0x100042e4                tud_control_xfer
 .text.usbd_control_reset
                0x1000438c       0x14 CMakeFiles/SemaforoInteligente.dir/C_/Users/ari_z/.pico-sdk/sdk/2.1.1/lib/tinyusb/src/device/usbd_control.c.obj
                0x1000438c                usbd_control_reset
 .text.usbd_control_set_complete_callback
                0x100043a0        0xc CMakeFiles/SemaforoInteligente.dir/C_/Users/ari_z/.pico-sdk/sdk/2.1.1/lib/tinyusb/src/device/usbd_control.c.obj
                0x100043a0                usbd_control_set_complete_callback
 .text.usbd_control_set_request
                0x100043ac       0x1c CMakeFiles/SemaforoInteligente.dir/C_/Users/ari_z/.pico-sdk/sdk/2.1.1/lib/tinyusb/src/device/usbd_control.c.obj
                0x100043ac                usbd_control_set_request
 .text.usbd_control_xfer_cb
                0x100043c8       0xec CMakeFiles/SemaforoInteligente.dir/C_/Users/ari_z/.pico-sdk/sdk/2.1.1/lib/tinyusb/src/device/usbd_control.c.obj
                0x100043c8                usbd_control_xfer_cb
 .text._prep_out_transaction.isra.0
                0x100044b4       0x6c CMakeFiles/SemaforoInteligente.dir/C_/Users/ari_z/.pico-sdk/sdk/2.1.1/lib/tinyusb/src/class/cdc/cdc_device.c.obj
 .text.tud_cdc_n_connected
                0x10004520       0x2c CMakeFiles/SemaforoInteligente.dir/C_/Users/ari_z/.pico-sdk/sdk/2.1.1/lib/tinyusb/src/class/cdc/cdc_device.c.obj
                0x10004520                tud_cdc_n_connected
 .text.tud_cdc_n_available
                0x1000454c       0x14 CMakeFiles/SemaforoInteligente.dir/C_/Users/ari_z/.pico-sdk/sdk/2.1.1/lib/tinyusb/src/class/cdc/cdc_device.c.obj
                0x1000454c                tud_cdc_n_available
 .text.tud_cdc_n_read
                0x10004560       0x88 CMakeFiles/SemaforoInteligente.dir/C_/Users/ari_z/.pico-sdk/sdk/2.1.1/lib/tinyusb/src/class/cdc/cdc_device.c.obj
                0x10004560                tud_cdc_n_read
 .text.tud_cdc_n_write_flush
                0x100045e8       0x74 CMakeFiles/SemaforoInteligente.dir/C_/Users/ari_z/.pico-sdk/sdk/2.1.1/lib/tinyusb/src/class/cdc/cdc_device.c.obj
                0x100045e8                tud_cdc_n_write_flush
 .text.tud_cdc_n_write
                0x1000465c       0x40 CMakeFiles/SemaforoInteligente.dir/C_/Users/ari_z/.pico-sdk/sdk/2.1.1/lib/tinyusb/src/class/cdc/cdc_device.c.obj
                0x1000465c                tud_cdc_n_write
 .text.tud_cdc_n_write_available
                0x1000469c       0x14 CMakeFiles/SemaforoInteligente.dir/C_/Users/ari_z/.pico-sdk/sdk/2.1.1/lib/tinyusb/src/class/cdc/cdc_device.c.obj
                0x1000469c                tud_cdc_n_write_available
 .text.cdcd_init
                0x100046b0       0x70 CMakeFiles/SemaforoInteligente.dir/C_/Users/ari_z/.pico-sdk/sdk/2.1.1/lib/tinyusb/src/class/cdc/cdc_device.c.obj
                0x100046b0                cdcd_init
 .text.cdcd_deinit
                0x10004720       0x30 CMakeFiles/SemaforoInteligente.dir/C_/Users/ari_z/.pico-sdk/sdk/2.1.1/lib/tinyusb/src/class/cdc/cdc_device.c.obj
                0x10004720                cdcd_deinit
 .text.cdcd_reset
                0x10004750       0x4c CMakeFiles/SemaforoInteligente.dir/C_/Users/ari_z/.pico-sdk/sdk/2.1.1/lib/tinyusb/src/class/cdc/cdc_device.c.obj
                0x10004750                cdcd_reset
 .text.cdcd_open
                0x1000479c       0xa4 CMakeFiles/SemaforoInteligente.dir/C_/Users/ari_z/.pico-sdk/sdk/2.1.1/lib/tinyusb/src/class/cdc/cdc_device.c.obj
                0x1000479c                cdcd_open
 .text.cdcd_control_xfer_cb
                0x10004840       0xe8 CMakeFiles/SemaforoInteligente.dir/C_/Users/ari_z/.pico-sdk/sdk/2.1.1/lib/tinyusb/src/class/cdc/cdc_device.c.obj
                0x10004840                cdcd_control_xfer_cb
 .text.cdcd_xfer_cb
                0x10004928      0x100 CMakeFiles/SemaforoInteligente.dir/C_/Users/ari_z/.pico-sdk/sdk/2.1.1/lib/tinyusb/src/class/cdc/cdc_device.c.obj
                0x10004928                cdcd_xfer_cb
 .text.vendord_init
                0x10004a28       0x5c CMakeFiles/SemaforoInteligente.dir/C_/Users/ari_z/.pico-sdk/sdk/2.1.1/lib/tinyusb/src/class/vendor/vendor_device.c.obj
                0x10004a28                vendord_init
 .text.vendord_deinit
                0x10004a84       0x1c CMakeFiles/SemaforoInteligente.dir/C_/Users/ari_z/.pico-sdk/sdk/2.1.1/lib/tinyusb/src/class/vendor/vendor_device.c.obj
                0x10004a84                vendord_deinit
 .text.vendord_reset
                0x10004aa0       0x28 CMakeFiles/SemaforoInteligente.dir/C_/Users/ari_z/.pico-sdk/sdk/2.1.1/lib/tinyusb/src/class/vendor/vendor_device.c.obj
                0x10004aa0                vendord_reset
 .text.vendord_open
                0x10004ac8      0x120 CMakeFiles/SemaforoInteligente.dir/C_/Users/ari_z/.pico-sdk/sdk/2.1.1/lib/tinyusb/src/class/vendor/vendor_device.c.obj
                0x10004ac8                vendord_open
 .text.vendord_xfer_cb
                0x10004be8       0x9c CMakeFiles/SemaforoInteligente.dir/C_/Users/ari_z/.pico-sdk/sdk/2.1.1/lib/tinyusb/src/class/vendor/vendor_device.c.obj
                0x10004be8                vendord_xfer_cb
 .text.tusb_rhport_init
                0x10004c84       0x4c CMakeFiles/SemaforoInteligente.dir/C_/Users/ari_z/.pico-sdk/sdk/2.1.1/lib/tinyusb/src/tusb.c.obj
                0x10004c84                tusb_rhport_init
 .text.tu_edpt_claim
                0x10004cd0       0x50 CMakeFiles/SemaforoInteligente.dir/C_/Users/ari_z/.pico-sdk/sdk/2.1.1/lib/tinyusb/src/tusb.c.obj
                0x10004cd0                tu_edpt_claim
 .text.tu_edpt_release
                0x10004d20       0x38 CMakeFiles/SemaforoInteligente.dir/C_/Users/ari_z/.pico-sdk/sdk/2.1.1/lib/tinyusb/src/tusb.c.obj
                0x10004d20                tu_edpt_release
 .text.tu_edpt_validate
                0x10004d58       0x7c CMakeFiles/SemaforoInteligente.dir/C_/Users/ari_z/.pico-sdk/sdk/2.1.1/lib/tinyusb/src/tusb.c.obj
                0x10004d58                tu_edpt_validate
 .text.tu_edpt_bind_driver
                0x10004dd4       0x34 CMakeFiles/SemaforoInteligente.dir/C_/Users/ari_z/.pico-sdk/sdk/2.1.1/lib/tinyusb/src/tusb.c.obj
                0x10004dd4                tu_edpt_bind_driver
 .text.tu_edpt_stream_init
                0x10004e08       0x6c CMakeFiles/SemaforoInteligente.dir/C_/Users/ari_z/.pico-sdk/sdk/2.1.1/lib/tinyusb/src/tusb.c.obj
                0x10004e08                tu_edpt_stream_init
 .text.tu_edpt_stream_deinit
                0x10004e74        0x4 CMakeFiles/SemaforoInteligente.dir/C_/Users/ari_z/.pico-sdk/sdk/2.1.1/lib/tinyusb/src/tusb.c.obj
                0x10004e74                tu_edpt_stream_deinit
 .text.tu_edpt_stream_write_zlp_if_needed
                0x10004e78       0x68 CMakeFiles/SemaforoInteligente.dir/C_/Users/ari_z/.pico-sdk/sdk/2.1.1/lib/tinyusb/src/tusb.c.obj
                0x10004e78                tu_edpt_stream_write_zlp_if_needed
 .text.tu_edpt_stream_write_xfer
                0x10004ee0       0x68 CMakeFiles/SemaforoInteligente.dir/C_/Users/ari_z/.pico-sdk/sdk/2.1.1/lib/tinyusb/src/tusb.c.obj
                0x10004ee0                tu_edpt_stream_write_xfer
 .text.tu_edpt_stream_read_xfer
                0x10004f48       0xd8 CMakeFiles/SemaforoInteligente.dir/C_/Users/ari_z/.pico-sdk/sdk/2.1.1/lib/tinyusb/src/tusb.c.obj
                0x10004f48                tu_edpt_stream_read_xfer
 .text.tu_fifo_config
                0x10005020       0x6c CMakeFiles/SemaforoInteligente.dir/C_/Users/ari_z/.pico-sdk/sdk/2.1.1/lib/tinyusb/src/common/tusb_fifo.c.obj
                0x10005020                tu_fifo_config
 .text.tu_fifo_count
                0x1000508c       0x2c CMakeFiles/SemaforoInteligente.dir/C_/Users/ari_z/.pico-sdk/sdk/2.1.1/lib/tinyusb/src/common/tusb_fifo.c.obj
                0x1000508c                tu_fifo_count
 .text.tu_fifo_empty
                0x100050b8       0x10 CMakeFiles/SemaforoInteligente.dir/C_/Users/ari_z/.pico-sdk/sdk/2.1.1/lib/tinyusb/src/common/tusb_fifo.c.obj
                0x100050b8                tu_fifo_empty
 .text.tu_fifo_remaining
                0x100050c8       0x2c CMakeFiles/SemaforoInteligente.dir/C_/Users/ari_z/.pico-sdk/sdk/2.1.1/lib/tinyusb/src/common/tusb_fifo.c.obj
                0x100050c8                tu_fifo_remaining
 .text.tu_fifo_read
                0x100050f4       0x9c CMakeFiles/SemaforoInteligente.dir/C_/Users/ari_z/.pico-sdk/sdk/2.1.1/lib/tinyusb/src/common/tusb_fifo.c.obj
                0x100050f4                tu_fifo_read
 .text.tu_fifo_read_n
                0x10005190       0xe8 CMakeFiles/SemaforoInteligente.dir/C_/Users/ari_z/.pico-sdk/sdk/2.1.1/lib/tinyusb/src/common/tusb_fifo.c.obj
                0x10005190                tu_fifo_read_n
 .text.tu_fifo_write
                0x10005278       0xa4 CMakeFiles/SemaforoInteligente.dir/C_/Users/ari_z/.pico-sdk/sdk/2.1.1/lib/tinyusb/src/common/tusb_fifo.c.obj
                0x10005278                tu_fifo_write
 .text.tu_fifo_write_n
                0x1000531c      0x178 CMakeFiles/SemaforoInteligente.dir/C_/Users/ari_z/.pico-sdk/sdk/2.1.1/lib/tinyusb/src/common/tusb_fifo.c.obj
                0x1000531c                tu_fifo_write_n
 .text.tu_fifo_clear
                0x10005494       0x40 CMakeFiles/SemaforoInteligente.dir/C_/Users/ari_z/.pico-sdk/sdk/2.1.1/lib/tinyusb/src/common/tusb_fifo.c.obj
                0x10005494                tu_fifo_clear
 .text.tu_fifo_set_overwritable
                0x100054d4       0x48 CMakeFiles/SemaforoInteligente.dir/C_/Users/ari_z/.pico-sdk/sdk/2.1.1/lib/tinyusb/src/common/tusb_fifo.c.obj
                0x100054d4                tu_fifo_set_overwritable
 .text.i2c_write_blocking_internal.constprop.0
                0x1000551c       0xf8 CMakeFiles/SemaforoInteligente.dir/C_/Users/ari_z/.pico-sdk/sdk/2.1.1/src/rp2_common/hardware_i2c/i2c.c.obj
 .text.i2c_set_baudrate
                0x10005614       0xc0 CMakeFiles/SemaforoInteligente.dir/C_/Users/ari_z/.pico-sdk/sdk/2.1.1/src/rp2_common/hardware_i2c/i2c.c.obj
                0x10005614                i2c_set_baudrate
 .text.i2c_init
                0x100056d4       0x50 CMakeFiles/SemaforoInteligente.dir/C_/Users/ari_z/.pico-sdk/sdk/2.1.1/src/rp2_common/hardware_i2c/i2c.c.obj
                0x100056d4                i2c_init
 .text.i2c_write_blocking
                0x10005724       0x14 CMakeFiles/SemaforoInteligente.dir/C_/Users/ari_z/.pico-sdk/sdk/2.1.1/src/rp2_common/hardware_i2c/i2c.c.obj
                0x10005724                i2c_write_blocking
 *fill*         0x10005738        0x8 
 .text.vPortStartFirstTask
                0x10005740       0x34 CMakeFiles/SemaforoInteligente.dir/D_/FreeRTOS-Kernel/portable/ThirdParty/GCC/RP2040/port.c.obj
 *fill*         0x10005774        0xc 
 .text.xPortPendSVHandler
                0x10005780       0x64 CMakeFiles/SemaforoInteligente.dir/D_/FreeRTOS-Kernel/portable/ThirdParty/GCC/RP2040/port.c.obj
                0x10005780                xPortPendSVHandler
 .text.prvTaskExitError
                0x100057e4        0x8 CMakeFiles/SemaforoInteligente.dir/D_/FreeRTOS-Kernel/portable/ThirdParty/GCC/RP2040/port.c.obj
 .text.prvFIFOInterruptHandler
                0x100057ec       0x78 CMakeFiles/SemaforoInteligente.dir/D_/FreeRTOS-Kernel/portable/ThirdParty/GCC/RP2040/port.c.obj
 .text.vPortSVCHandler
                0x10005864        0x4 CMakeFiles/SemaforoInteligente.dir/D_/FreeRTOS-Kernel/portable/ThirdParty/GCC/RP2040/port.c.obj
                0x10005864                vPortSVCHandler
 .text.pxPortInitialiseStack
                0x10005868       0x20 CMakeFiles/SemaforoInteligente.dir/D_/FreeRTOS-Kernel/portable/ThirdParty/GCC/RP2040/port.c.obj
                0x10005868                pxPortInitialiseStack
 .text.vPortYield
                0x10005888       0x18 CMakeFiles/SemaforoInteligente.dir/D_/FreeRTOS-Kernel/portable/ThirdParty/GCC/RP2040/port.c.obj
                0x10005888                vPortYield
 .text.vPortEnterCritical
                0x100058a0       0x18 CMakeFiles/SemaforoInteligente.dir/D_/FreeRTOS-Kernel/portable/ThirdParty/GCC/RP2040/port.c.obj
                0x100058a0                vPortEnterCritical
 .text.vPortExitCritical
                0x100058b8       0x14 CMakeFiles/SemaforoInteligente.dir/D_/FreeRTOS-Kernel/portable/ThirdParty/GCC/RP2040/port.c.obj
                0x100058b8                vPortExitCritical
 .text.ulSetInterruptMaskFromISR
                0x100058cc        0x8 CMakeFiles/SemaforoInteligente.dir/D_/FreeRTOS-Kernel/portable/ThirdParty/GCC/RP2040/port.c.obj
                0x100058cc                ulSetInterruptMaskFromISR
 .text.vClearInterruptMaskFromISR
                0x100058d4        0x8 CMakeFiles/SemaforoInteligente.dir/D_/FreeRTOS-Kernel/portable/ThirdParty/GCC/RP2040/port.c.obj
                0x100058d4                vClearInterruptMaskFromISR
 .text.xPortSysTickHandler
                0x100058dc       0x24 CMakeFiles/SemaforoInteligente.dir/D_/FreeRTOS-Kernel/portable/ThirdParty/GCC/RP2040/port.c.obj
                0x100058dc                xPortSysTickHandler
 .text.vPortSetupTimerInterrupt
                0x10005900       0x34 CMakeFiles/SemaforoInteligente.dir/D_/FreeRTOS-Kernel/portable/ThirdParty/GCC/RP2040/port.c.obj
                0x10005900                vPortSetupTimerInterrupt
 .text.xPortStartScheduler
                0x10005934       0x9c CMakeFiles/SemaforoInteligente.dir/D_/FreeRTOS-Kernel/portable/ThirdParty/GCC/RP2040/port.c.obj
                0x10005934                xPortStartScheduler
 .text.ulPortLockGetCurrentOwnerId
                0x100059d0       0x2c CMakeFiles/SemaforoInteligente.dir/D_/FreeRTOS-Kernel/portable/ThirdParty/GCC/RP2040/port.c.obj
                0x100059d0                ulPortLockGetCurrentOwnerId
 .text.vPortLockInternalSpinUnlockWithWait
                0x100059fc       0x68 CMakeFiles/SemaforoInteligente.dir/D_/FreeRTOS-Kernel/portable/ThirdParty/GCC/RP2040/port.c.obj
                0x100059fc                vPortLockInternalSpinUnlockWithWait
 .text.vPortLockInternalSpinUnlockWithNotify
                0x10005a64       0xc8 CMakeFiles/SemaforoInteligente.dir/D_/FreeRTOS-Kernel/portable/ThirdParty/GCC/RP2040/port.c.obj
                0x10005a64                vPortLockInternalSpinUnlockWithNotify
 .text.xPortLockInternalSpinUnlockWithBestEffortWaitOrTimeout
                0x10005b2c       0xf4 CMakeFiles/SemaforoInteligente.dir/D_/FreeRTOS-Kernel/portable/ThirdParty/GCC/RP2040/port.c.obj
                0x10005b2c                xPortLockInternalSpinUnlockWithBestEffortWaitOrTimeout
 .text.startup.prvRuntimeInitializer
                0x10005c20       0x28 CMakeFiles/SemaforoInteligente.dir/D_/FreeRTOS-Kernel/portable/ThirdParty/GCC/RP2040/port.c.obj
 .text.vEventGroupSetBitsCallback
                0x10005c48       0x90 CMakeFiles/SemaforoInteligente.dir/D_/FreeRTOS-Kernel/event_groups.c.obj
                0x10005c48                vEventGroupSetBitsCallback
 .text.xEventGroupCreate
                0x10005cd8       0x18 CMakeFiles/SemaforoInteligente.dir/D_/FreeRTOS-Kernel/event_groups.c.obj
                0x10005cd8                xEventGroupCreate
 .text.xEventGroupWaitBits
                0x10005cf0       0xb8 CMakeFiles/SemaforoInteligente.dir/D_/FreeRTOS-Kernel/event_groups.c.obj
                0x10005cf0                xEventGroupWaitBits
 .text.xEventGroupSetBits
                0x10005da8       0x9c CMakeFiles/SemaforoInteligente.dir/D_/FreeRTOS-Kernel/event_groups.c.obj
                0x10005da8                xEventGroupSetBits
 .text.xEventGroupSetBitsFromISR
                0x10005e44       0x18 CMakeFiles/SemaforoInteligente.dir/D_/FreeRTOS-Kernel/event_groups.c.obj
                0x10005e44                xEventGroupSetBitsFromISR
 .text.vListInitialise
                0x10005e5c       0x18 CMakeFiles/SemaforoInteligente.dir/D_/FreeRTOS-Kernel/list.c.obj
                0x10005e5c                vListInitialise
 .text.vListInitialiseItem
                0x10005e74        0x8 CMakeFiles/SemaforoInteligente.dir/D_/FreeRTOS-Kernel/list.c.obj
                0x10005e74                vListInitialiseItem
 .text.vListInsert
                0x10005e7c       0x30 CMakeFiles/SemaforoInteligente.dir/D_/FreeRTOS-Kernel/list.c.obj
                0x10005e7c                vListInsert
 .text.uxListRemove
                0x10005eac       0x20 CMakeFiles/SemaforoInteligente.dir/D_/FreeRTOS-Kernel/list.c.obj
                0x10005eac                uxListRemove
 .text.prvUnlockQueue
                0x10005ecc      0x17c CMakeFiles/SemaforoInteligente.dir/D_/FreeRTOS-Kernel/queue.c.obj
 .text.prvNotifyQueueSetContainer
                0x10006048       0x90 CMakeFiles/SemaforoInteligente.dir/D_/FreeRTOS-Kernel/queue.c.obj
 .text.xQueueGenericCreate
                0x100060d8       0xa4 CMakeFiles/SemaforoInteligente.dir/D_/FreeRTOS-Kernel/queue.c.obj
                0x100060d8                xQueueGenericCreate
 .text.xQueueGenericSendFromISR
                0x1000617c      0x150 CMakeFiles/SemaforoInteligente.dir/D_/FreeRTOS-Kernel/queue.c.obj
                0x1000617c                xQueueGenericSendFromISR
 .text.xQueueReceive
                0x100062cc      0x11c CMakeFiles/SemaforoInteligente.dir/D_/FreeRTOS-Kernel/queue.c.obj
                0x100062cc                xQueueReceive
 .text.vQueueAddToRegistry
                0x100063e8      0x118 CMakeFiles/SemaforoInteligente.dir/D_/FreeRTOS-Kernel/queue.c.obj
                0x100063e8                vQueueAddToRegistry
 .text.vQueueWaitForMessageRestricted
                0x10006500       0x48 CMakeFiles/SemaforoInteligente.dir/D_/FreeRTOS-Kernel/queue.c.obj
                0x10006500                vQueueWaitForMessageRestricted
 .text.prvAddNewTaskToReadyList
                0x10006548      0x124 CMakeFiles/SemaforoInteligente.dir/D_/FreeRTOS-Kernel/tasks.c.obj
 .text.prvCreateTask
                0x1000666c      0x130 CMakeFiles/SemaforoInteligente.dir/D_/FreeRTOS-Kernel/tasks.c.obj
 .text.prvIdleTask
                0x1000679c       0x60 CMakeFiles/SemaforoInteligente.dir/D_/FreeRTOS-Kernel/tasks.c.obj
 .text.xTaskIncrementTick.part.0
                0x100067fc      0x194 CMakeFiles/SemaforoInteligente.dir/D_/FreeRTOS-Kernel/tasks.c.obj
 .text.xTaskCreate
                0x10006990       0x24 CMakeFiles/SemaforoInteligente.dir/D_/FreeRTOS-Kernel/tasks.c.obj
                0x10006990                xTaskCreate
 .text.vTaskStartScheduler
                0x100069b4       0x74 CMakeFiles/SemaforoInteligente.dir/D_/FreeRTOS-Kernel/tasks.c.obj
                0x100069b4                vTaskStartScheduler
 .text.vTaskSuspendAll
                0x10006a28       0x10 CMakeFiles/SemaforoInteligente.dir/D_/FreeRTOS-Kernel/tasks.c.obj
                0x10006a28                vTaskSuspendAll
 .text.xTaskResumeAll
                0x10006a38      0x188 CMakeFiles/SemaforoInteligente.dir/D_/FreeRTOS-Kernel/tasks.c.obj
                0x10006a38                xTaskResumeAll
 .text.vTaskDelay
                0x10006bc0       0x84 CMakeFiles/SemaforoInteligente.dir/D_/FreeRTOS-Kernel/tasks.c.obj
                0x10006bc0                vTaskDelay
 .text.xTaskGetTickCount
                0x10006c44        0xc CMakeFiles/SemaforoInteligente.dir/D_/FreeRTOS-Kernel/tasks.c.obj
                0x10006c44                xTaskGetTickCount
 .text.uxTaskGetNumberOfTasks
                0x10006c50        0xc CMakeFiles/SemaforoInteligente.dir/D_/FreeRTOS-Kernel/tasks.c.obj
                0x10006c50                uxTaskGetNumberOfTasks
 .text.xTaskIncrementTick
                0x10006c5c       0x24 CMakeFiles/SemaforoInteligente.dir/D_/FreeRTOS-Kernel/tasks.c.obj
                0x10006c5c                xTaskIncrementTick
 .text.vTaskSwitchContext
                0x10006c80       0x7c CMakeFiles/SemaforoInteligente.dir/D_/FreeRTOS-Kernel/tasks.c.obj
                0x10006c80                vTaskSwitchContext
 .text.vTaskPlaceOnEventList
                0x10006cfc       0xa0 CMakeFiles/SemaforoInteligente.dir/D_/FreeRTOS-Kernel/tasks.c.obj
                0x10006cfc                vTaskPlaceOnEventList
 .text.vTaskPlaceOnUnorderedEventList
                0x10006d9c       0xc4 CMakeFiles/SemaforoInteligente.dir/D_/FreeRTOS-Kernel/tasks.c.obj
                0x10006d9c                vTaskPlaceOnUnorderedEventList
 .text.vTaskPlaceOnEventListRestricted
                0x10006e60       0xf4 CMakeFiles/SemaforoInteligente.dir/D_/FreeRTOS-Kernel/tasks.c.obj
                0x10006e60                vTaskPlaceOnEventListRestricted
 .text.xTaskRemoveFromEventList
                0x10006f54       0xcc CMakeFiles/SemaforoInteligente.dir/D_/FreeRTOS-Kernel/tasks.c.obj
                0x10006f54                xTaskRemoveFromEventList
 .text.vTaskRemoveFromUnorderedEventList
                0x10007020       0x94 CMakeFiles/SemaforoInteligente.dir/D_/FreeRTOS-Kernel/tasks.c.obj
                0x10007020                vTaskRemoveFromUnorderedEventList
 .text.vTaskInternalSetTimeOutState
                0x100070b4       0x18 CMakeFiles/SemaforoInteligente.dir/D_/FreeRTOS-Kernel/tasks.c.obj
                0x100070b4                vTaskInternalSetTimeOutState
 .text.xTaskCheckForTimeOut
                0x100070cc       0x74 CMakeFiles/SemaforoInteligente.dir/D_/FreeRTOS-Kernel/tasks.c.obj
                0x100070cc                xTaskCheckForTimeOut
 .text.vTaskMissedYield
                0x10007140        0xc CMakeFiles/SemaforoInteligente.dir/D_/FreeRTOS-Kernel/tasks.c.obj
                0x10007140                vTaskMissedYield
 .text.xTaskGetCurrentTaskHandle
                0x1000714c        0xc CMakeFiles/SemaforoInteligente.dir/D_/FreeRTOS-Kernel/tasks.c.obj
                0x1000714c                xTaskGetCurrentTaskHandle
 .text.xTaskPriorityDisinherit
                0x10007158       0x64 CMakeFiles/SemaforoInteligente.dir/D_/FreeRTOS-Kernel/tasks.c.obj
                0x10007158                xTaskPriorityDisinherit
 .text.uxTaskResetEventItemValue
                0x100071bc       0x18 CMakeFiles/SemaforoInteligente.dir/D_/FreeRTOS-Kernel/tasks.c.obj
                0x100071bc                uxTaskResetEventItemValue
 .text.prvTimerTask
                0x100071d4      0x39c CMakeFiles/SemaforoInteligente.dir/D_/FreeRTOS-Kernel/timers.c.obj
 .text.xTimerCreateTimerTask
                0x10007570       0x8c CMakeFiles/SemaforoInteligente.dir/D_/FreeRTOS-Kernel/timers.c.obj
                0x10007570                xTimerCreateTimerTask
 .text.xTimerPendFunctionCallFromISR
                0x100075fc       0x2c CMakeFiles/SemaforoInteligente.dir/D_/FreeRTOS-Kernel/timers.c.obj
                0x100075fc                xTimerPendFunctionCallFromISR
 .text.exception_set_exclusive_handler
                0x10007628       0x48 CMakeFiles/SemaforoInteligente.dir/C_/Users/ari_z/.pico-sdk/sdk/2.1.1/src/rp2_common/hardware_exception/exception.c.obj
                0x10007628                exception_set_exclusive_handler
 .text.pvPortMalloc
                0x10007670      0x124 CMakeFiles/SemaforoInteligente.dir/D_/FreeRTOS-Kernel/portable/MemMang/heap_4.c.obj
                0x10007670                pvPortMalloc
 .text.vPortFree
                0x10007794       0x98 CMakeFiles/SemaforoInteligente.dir/D_/FreeRTOS-Kernel/portable/MemMang/heap_4.c.obj
                0x10007794                vPortFree
 .text.calloc   0x1000782c       0x18 C:/Users/ari_z/.pico-sdk/toolchain/14_2_Rel1/bin/../lib/gcc/arm-none-eabi/14.2.1/thumb/v6-m/nofp\libg.a(libc_a-calloc.o)
                0x1000782c                calloc
 .text._calloc_r
                0x10007844       0xa8 C:/Users/ari_z/.pico-sdk/toolchain/14_2_Rel1/bin/../lib/gcc/arm-none-eabi/14.2.1/thumb/v6-m/nofp\libg.a(libc_a-callocr.o)
                0x10007844                _calloc_r
 .text._malloc_r
                0x100078ec      0x5cc C:/Users/ari_z/.pico-sdk/toolchain/14_2_Rel1/bin/../lib/gcc/arm-none-eabi/14.2.1/thumb/v6-m/nofp\libg.a(libc_a-mallocr.o)
                0x100078ec                _malloc_r
 .text.__malloc_lock
                0x10007eb8       0x10 C:/Users/ari_z/.pico-sdk/toolchain/14_2_Rel1/bin/../lib/gcc/arm-none-eabi/14.2.1/thumb/v6-m/nofp\libg.a(libc_a-mlock.o)
                0x10007eb8                __malloc_lock
 .text.__malloc_unlock
                0x10007ec8       0x10 C:/Users/ari_z/.pico-sdk/toolchain/14_2_Rel1/bin/../lib/gcc/arm-none-eabi/14.2.1/thumb/v6-m/nofp\libg.a(libc_a-mlock.o)
                0x10007ec8                __malloc_unlock
 .text._sbrk_r  0x10007ed8       0x24 C:/Users/ari_z/.pico-sdk/toolchain/14_2_Rel1/bin/../lib/gcc/arm-none-eabi/14.2.1/thumb/v6-m/nofp\libg.a(libc_a-sbrkr.o)
                0x10007ed8                _sbrk_r
 .text.__errno  0x10007efc        0xc C:/Users/ari_z/.pico-sdk/toolchain/14_2_Rel1/bin/../lib/gcc/arm-none-eabi/14.2.1/thumb/v6-m/nofp\libg.a(libc_a-errno.o)
                0x10007efc                __errno
 .text.__retarget_lock_acquire_recursive
                0x10007f08        0x4 C:/Users/ari_z/.pico-sdk/toolchain/14_2_Rel1/bin/../lib/gcc/arm-none-eabi/14.2.1/thumb/v6-m/nofp\libg.a(libc_a-lock.o)
                0x10007f08                __retarget_lock_acquire_recursive
 .text.__retarget_lock_release_recursive
                0x10007f0c        0x4 C:/Users/ari_z/.pico-sdk/toolchain/14_2_Rel1/bin/../lib/gcc/arm-none-eabi/14.2.1/thumb/v6-m/nofp\libg.a(libc_a-lock.o)
                0x10007f0c                __retarget_lock_release_recursive
 .text.sysconf  0x10007f10       0x1c C:/Users/ari_z/.pico-sdk/toolchain/14_2_Rel1/bin/../lib/gcc/arm-none-eabi/14.2.1/thumb/v6-m/nofp\libg.a(libc_a-sysconf.o)
                0x10007f10                sysconf
 .text.strlen   0x10007f2c       0x5c C:/Users/ari_z/.pico-sdk/toolchain/14_2_Rel1/bin/../lib/gcc/arm-none-eabi/14.2.1/thumb/v6-m/nofp\libg.a(libc_a-strlen-stub.o)
                0x10007f2c                strlen
 .text._malloc_trim_r
                0x10007f88       0xb4 C:/Users/ari_z/.pico-sdk/toolchain/14_2_Rel1/bin/../lib/gcc/arm-none-eabi/14.2.1/thumb/v6-m/nofp\libg.a(libc_a-freer.o)
                0x10007f88                _malloc_trim_r
 .text._free_r  0x1000803c      0x1f0 C:/Users/ari_z/.pico-sdk/toolchain/14_2_Rel1/bin/../lib/gcc/arm-none-eabi/14.2.1/thumb/v6-m/nofp\libg.a(libc_a-freer.o)
                0x1000803c                _free_r
 *(.fini)
 .fini          0x1000822c        0x4 C:/Users/ari_z/.pico-sdk/toolchain/14_2_Rel1/bin/../lib/gcc/arm-none-eabi/14.2.1/thumb/v6-m/nofp/crti.o
                0x1000822c                _fini
 .fini.__stub   0x10008230       0xd0 linker stubs
 *crtbegin.o(.ctors)
 *crtbegin?.o(.ctors)
 *(EXCLUDE_FILE(*crtend.o *crtend?.o) .ctors)
 *(SORT_BY_NAME(.ctors.*))
 *(.ctors)
 *crtbegin.o(.dtors)
 *crtbegin?.o(.dtors)
 *(EXCLUDE_FILE(*crtend.o *crtend?.o) .dtors)
 *(SORT_BY_NAME(.dtors.*))
 *(.dtors)
                0x10008300                        . = ALIGN (0x4)
                0x10008300                        PROVIDE (__preinit_array_start = .)
 *(SORT_BY_NAME(.preinit_array.*))
 .preinit_array.00100
                0x10008300        0x4 CMakeFiles/SemaforoInteligente.dir/C_/Users/ari_z/.pico-sdk/sdk/2.1.1/src/rp2_common/pico_runtime_init/runtime_init.c.obj
                0x10008300                __pre_init_runtime_init_early_resets
 .preinit_array.00101
                0x10008304        0x4 CMakeFiles/SemaforoInteligente.dir/C_/Users/ari_z/.pico-sdk/sdk/2.1.1/src/rp2_common/pico_runtime_init/runtime_init.c.obj
                0x10008304                __pre_init_runtime_init_usb_power_down
 .preinit_array.00275
                0x10008308        0x4 CMakeFiles/SemaforoInteligente.dir/C_/Users/ari_z/.pico-sdk/sdk/2.1.1/src/rp2_common/pico_bit_ops/bit_ops_aeabi.S.obj
 .preinit_array.00300
                0x1000830c        0x4 CMakeFiles/SemaforoInteligente.dir/C_/Users/ari_z/.pico-sdk/sdk/2.1.1/src/rp2_common/pico_mem_ops/mem_ops_aeabi.S.obj
 .preinit_array.00350
                0x10008310        0x4 CMakeFiles/SemaforoInteligente.dir/C_/Users/ari_z/.pico-sdk/sdk/2.1.1/src/rp2_common/pico_double/double_aeabi_rp2040.S.obj
 .preinit_array.00350
                0x10008314        0x4 CMakeFiles/SemaforoInteligente.dir/C_/Users/ari_z/.pico-sdk/sdk/2.1.1/src/rp2_common/pico_float/float_aeabi_rp2040.S.obj
 .preinit_array.00500
                0x10008318        0x4 CMakeFiles/SemaforoInteligente.dir/C_/Users/ari_z/.pico-sdk/sdk/2.1.1/src/rp2_common/pico_runtime_init/runtime_init.c.obj
                0x10008318                __pre_init_runtime_init_clocks
 .preinit_array.00600
                0x1000831c        0x4 CMakeFiles/SemaforoInteligente.dir/C_/Users/ari_z/.pico-sdk/sdk/2.1.1/src/rp2_common/pico_runtime_init/runtime_init.c.obj
                0x1000831c                __pre_init_runtime_init_post_clock_resets
 .preinit_array.00700
                0x10008320        0x4 CMakeFiles/SemaforoInteligente.dir/C_/Users/ari_z/.pico-sdk/sdk/2.1.1/src/rp2_common/pico_runtime_init/runtime_init.c.obj
                0x10008320                __pre_init_runtime_init_rp2040_gpio_ie_disable
 .preinit_array.01000
                0x10008324        0x4 CMakeFiles/SemaforoInteligente.dir/C_/Users/ari_z/.pico-sdk/sdk/2.1.1/src/rp2_common/pico_runtime_init/runtime_init.c.obj
                0x10008324                __pre_init_runtime_init_spin_locks_reset
 .preinit_array.01100
                0x10008328        0x4 CMakeFiles/SemaforoInteligente.dir/C_/Users/ari_z/.pico-sdk/sdk/2.1.1/src/common/pico_sync/mutex.c.obj
                0x10008328                __pre_init_runtime_init_mutex
 .preinit_array.10080
                0x1000832c        0x4 CMakeFiles/SemaforoInteligente.dir/C_/Users/ari_z/.pico-sdk/sdk/2.1.1/src/rp2_common/pico_runtime_init/runtime_init.c.obj
                0x1000832c                __pre_init_runtime_init_install_ram_vector_table
 .preinit_array.11000
                0x10008330        0x4 CMakeFiles/SemaforoInteligente.dir/C_/Users/ari_z/.pico-sdk/sdk/2.1.1/src/common/pico_time/time.c.obj
                0x10008330                __pre_init_runtime_init_default_alarm_pool
 .preinit_array.YYYYY
                0x10008334        0x4 CMakeFiles/SemaforoInteligente.dir/C_/Users/ari_z/.pico-sdk/sdk/2.1.1/src/rp2_common/pico_runtime/runtime.c.obj
                0x10008334                __pre_init_first_per_core_initializer
 .preinit_array.ZZZZZ.01200
                0x10008338        0x4 CMakeFiles/SemaforoInteligente.dir/C_/Users/ari_z/.pico-sdk/sdk/2.1.1/src/rp2_common/hardware_irq/irq.c.obj
                0x10008338                __pre_init_runtime_init_per_core_irq_priorities
 *(.preinit_array)
                0x1000833c                        PROVIDE (__preinit_array_end = .)
                0x1000833c                        . = ALIGN (0x4)
                0x1000833c                        PROVIDE (__init_array_start = .)
 *(SORT_BY_NAME(.init_array.*))
 *(.init_array)
 .init_array    0x1000833c        0x4 C:/Users/ari_z/.pico-sdk/toolchain/14_2_Rel1/bin/../lib/gcc/arm-none-eabi/14.2.1/thumb/v6-m/nofp/crtbegin.o
 .init_array    0x10008340        0x4 CMakeFiles/SemaforoInteligente.dir/C_/Users/ari_z/.pico-sdk/sdk/2.1.1/src/rp2_common/pico_unique_id/unique_id.c.obj
 .init_array    0x10008344        0x4 CMakeFiles/SemaforoInteligente.dir/D_/FreeRTOS-Kernel/portable/ThirdParty/GCC/RP2040/port.c.obj
                0x10008348                        PROVIDE (__init_array_end = .)
                0x10008348                        . = ALIGN (0x4)
                [!provide]                        PROVIDE (__fini_array_start = .)
 *(SORT_BY_NAME(.fini_array.*))
 *(.fini_array)
                [!provide]                        PROVIDE (__fini_array_end = .)
 *(.eh_frame*)
 .eh_frame      0x10008348        0x0 C:/Users/ari_z/.pico-sdk/toolchain/14_2_Rel1/bin/../lib/gcc/arm-none-eabi/14.2.1/thumb/v6-m/nofp/crtbegin.o
                0x10008348                        . = ALIGN (0x4)

.glue_7         0x10008348        0x0
 .glue_7        0x10008348        0x0 linker stubs

.glue_7t        0x10008348        0x0
 .glue_7t       0x10008348        0x0 linker stubs

.vfp11_veneer   0x10008348        0x0
 .vfp11_veneer  0x10008348        0x0 linker stubs

.v4_bx          0x10008348        0x0
 .v4_bx         0x10008348        0x0 linker stubs

.iplt           0x10008348        0x0
 .iplt          0x10008348        0x0 C:/Users/ari_z/.pico-sdk/toolchain/14_2_Rel1/bin/../lib/gcc/arm-none-eabi/14.2.1/thumb/v6-m/nofp/crtbegin.o

.rodata         0x10008348      0x830
 *(EXCLUDE_FILE(*libm.a: *libc.a:*lib_a-mem*.o *libgcc.a:) .rodata*)
 .rodata.vDisplayTask.str1.4
                0x10008348      0x254 CMakeFiles/SemaforoInteligente.dir/semaforo_inteligente.c.obj
                                 0x5c (size before relaxing)
 .rodata.main.str1.4
                0x1000859c       0x4f CMakeFiles/SemaforoInteligente.dir/semaforo_inteligente.c.obj
 .rodata.font   0x1000859c      0x2f8 CMakeFiles/SemaforoInteligente.dir/lib/ssd1306.c.obj
 .rodata.panic.str1.4
                0x10008894       0x12 CMakeFiles/SemaforoInteligente.dir/C_/Users/ari_z/.pico-sdk/sdk/2.1.1/src/rp2_common/pico_platform_panic/panic.c.obj
 .rodata.panic_unsupported.str1.4
                0x10008894        0xe CMakeFiles/SemaforoInteligente.dir/C_/Users/ari_z/.pico-sdk/sdk/2.1.1/src/rp2_common/pico_platform_panic/panic.c.obj
 .rodata.spin_lock_claim_unused.str1.4
                0x10008894       0x1b CMakeFiles/SemaforoInteligente.dir/C_/Users/ari_z/.pico-sdk/sdk/2.1.1/src/rp2_common/hardware_sync/sync.c.obj
 .rodata.user_irq_claim_unused.str1.4
                0x10008894       0x1b CMakeFiles/SemaforoInteligente.dir/C_/Users/ari_z/.pico-sdk/sdk/2.1.1/src/rp2_common/hardware_irq/irq.c.obj
 .rodata.timer_hardware_alarm_claim.str1.4
                0x10008894       0x22 CMakeFiles/SemaforoInteligente.dir/C_/Users/ari_z/.pico-sdk/sdk/2.1.1/src/rp2_common/hardware_timer/timer.c.obj
 .rodata.hard_assertion_failure.str1.4
                0x10008894        0xc CMakeFiles/SemaforoInteligente.dir/C_/Users/ari_z/.pico-sdk/sdk/2.1.1/src/rp2_common/pico_runtime/runtime.c.obj
 .rodata.missing_double_func_shim.str1.4
                0x10008894       0x18 CMakeFiles/SemaforoInteligente.dir/C_/Users/ari_z/.pico-sdk/sdk/2.1.1/src/rp2_common/pico_double/double_init_rom_rp2040.c.obj
 .rodata.missing_float_func_shim.str1.4
                0x10008894        0x1 CMakeFiles/SemaforoInteligente.dir/C_/Users/ari_z/.pico-sdk/sdk/2.1.1/src/rp2_common/pico_float/float_init_rom_rp2040.c.obj
 .rodata.__wrap_malloc.str1.4
                0x10008894        0xe CMakeFiles/SemaforoInteligente.dir/C_/Users/ari_z/.pico-sdk/sdk/2.1.1/src/rp2_common/pico_malloc/malloc.c.obj
 .rodata.str1.4
                0x10008894       0x48 CMakeFiles/SemaforoInteligente.dir/C_/Users/ari_z/.pico-sdk/sdk/2.1.1/src/rp2_common/pico_standard_binary_info/standard_binary_info.c.obj
 .rodata.__bi_84
                0x10008894        0xc CMakeFiles/SemaforoInteligente.dir/C_/Users/ari_z/.pico-sdk/sdk/2.1.1/src/rp2_common/pico_standard_binary_info/standard_binary_info.c.obj
 .rodata.__bi_78
                0x100088a0        0xc CMakeFiles/SemaforoInteligente.dir/C_/Users/ari_z/.pico-sdk/sdk/2.1.1/src/rp2_common/pico_standard_binary_info/standard_binary_info.c.obj
 .rodata.__bi_54
                0x100088ac        0xc CMakeFiles/SemaforoInteligente.dir/C_/Users/ari_z/.pico-sdk/sdk/2.1.1/src/rp2_common/pico_standard_binary_info/standard_binary_info.c.obj
 .rodata.__bi_48
                0x100088b8        0xc CMakeFiles/SemaforoInteligente.dir/C_/Users/ari_z/.pico-sdk/sdk/2.1.1/src/rp2_common/pico_standard_binary_info/standard_binary_info.c.obj
 .rodata.__bi_42
                0x100088c4        0xc CMakeFiles/SemaforoInteligente.dir/C_/Users/ari_z/.pico-sdk/sdk/2.1.1/src/rp2_common/pico_standard_binary_info/standard_binary_info.c.obj
 .rodata.__bi_34
                0x100088d0        0xc CMakeFiles/SemaforoInteligente.dir/C_/Users/ari_z/.pico-sdk/sdk/2.1.1/src/rp2_common/pico_standard_binary_info/standard_binary_info.c.obj
 .rodata.__bi_26
                0x100088dc        0xc CMakeFiles/SemaforoInteligente.dir/C_/Users/ari_z/.pico-sdk/sdk/2.1.1/src/rp2_common/pico_standard_binary_info/standard_binary_info.c.obj
 .rodata.crlf_str.0
                0x100088e8        0x2 CMakeFiles/SemaforoInteligente.dir/C_/Users/ari_z/.pico-sdk/sdk/2.1.1/src/rp2_common/pico_stdio/stdio.c.obj
 *fill*         0x100088ea        0x2 
 .rodata._resetd_driver
                0x100088ec       0x20 CMakeFiles/SemaforoInteligente.dir/C_/Users/ari_z/.pico-sdk/sdk/2.1.1/src/rp2_common/pico_stdio_usb/reset_interface.c.obj
 .rodata.desc_ms_os_20
                0x1000890c       0xa6 CMakeFiles/SemaforoInteligente.dir/C_/Users/ari_z/.pico-sdk/sdk/2.1.1/src/rp2_common/pico_stdio_usb/reset_interface.c.obj
 *fill*         0x100089b2        0x2 
 .rodata.desc_bos
                0x100089b4       0x21 CMakeFiles/SemaforoInteligente.dir/C_/Users/ari_z/.pico-sdk/sdk/2.1.1/src/rp2_common/pico_stdio_usb/reset_interface.c.obj
                0x100089b4                desc_bos
 .rodata.str1.4
                0x100089d5       0x13 CMakeFiles/SemaforoInteligente.dir/C_/Users/ari_z/.pico-sdk/sdk/2.1.1/src/rp2_common/pico_stdio_usb/stdio_usb.c.obj
 *fill*         0x100089d5        0x3 
 .rodata.__bi_197.0
                0x100089d8        0xc CMakeFiles/SemaforoInteligente.dir/C_/Users/ari_z/.pico-sdk/sdk/2.1.1/src/rp2_common/pico_stdio_usb/stdio_usb.c.obj
 .rodata.str1.4
                0x100089e4       0x2a CMakeFiles/SemaforoInteligente.dir/C_/Users/ari_z/.pico-sdk/sdk/2.1.1/src/rp2_common/pico_stdio_usb/stdio_usb_descriptors.c.obj
 .rodata.usbd_desc_str
                0x100089e4       0x18 CMakeFiles/SemaforoInteligente.dir/C_/Users/ari_z/.pico-sdk/sdk/2.1.1/src/rp2_common/pico_stdio_usb/stdio_usb_descriptors.c.obj
 .rodata.usbd_desc_cfg
                0x100089fc       0x54 CMakeFiles/SemaforoInteligente.dir/C_/Users/ari_z/.pico-sdk/sdk/2.1.1/src/rp2_common/pico_stdio_usb/stdio_usb_descriptors.c.obj
 .rodata.usbd_desc_device
                0x10008a50       0x12 CMakeFiles/SemaforoInteligente.dir/C_/Users/ari_z/.pico-sdk/sdk/2.1.1/src/rp2_common/pico_stdio_usb/stdio_usb_descriptors.c.obj
 .rodata.str1.4
                0x10008a62       0x14 CMakeFiles/SemaforoInteligente.dir/C_/Users/ari_z/.pico-sdk/sdk/2.1.1/lib/tinyusb/src/portable/raspberrypi/rp2040/dcd_rp2040.c.obj
 .rodata.str1.4
                0x10008a62       0x48 CMakeFiles/SemaforoInteligente.dir/C_/Users/ari_z/.pico-sdk/sdk/2.1.1/lib/tinyusb/src/portable/raspberrypi/rp2040/rp2040_usb.c.obj
 *fill*         0x10008a62        0x2 
 .rodata.tud_task_ext
                0x10008a64       0x8c CMakeFiles/SemaforoInteligente.dir/C_/Users/ari_z/.pico-sdk/sdk/2.1.1/lib/tinyusb/src/device/usbd.c.obj
 .rodata        0x10008af0       0x1c CMakeFiles/SemaforoInteligente.dir/C_/Users/ari_z/.pico-sdk/sdk/2.1.1/lib/tinyusb/src/device/usbd.c.obj
 .rodata._usbd_driver
                0x10008b0c       0x40 CMakeFiles/SemaforoInteligente.dir/C_/Users/ari_z/.pico-sdk/sdk/2.1.1/lib/tinyusb/src/device/usbd.c.obj
 .rodata.uxTopUsedPriority
                0x10008b4c        0x4 CMakeFiles/SemaforoInteligente.dir/D_/FreeRTOS-Kernel/tasks.c.obj
 .rodata.prvTimerTask
                0x10008b50       0x28 CMakeFiles/SemaforoInteligente.dir/D_/FreeRTOS-Kernel/timers.c.obj
 .rodata.xTimerCreateTimerTask.str1.4
                0x10008b78       0x10 CMakeFiles/SemaforoInteligente.dir/D_/FreeRTOS-Kernel/timers.c.obj
                0x10008b88                        . = ALIGN (0x4)
 *(SORT_BY_ALIGNMENT(SORT_BY_NAME(.flashdata*)))
                0x10008b88                        . = ALIGN (0x4)

.ARM.extab
 *(.ARM.extab* .gnu.linkonce.armextab.*)
                0x10008b78                        __exidx_start = .

.ARM.exidx
 *(.ARM.exidx* .gnu.linkonce.armexidx.*)
                0x10008b78                        __exidx_end = .
                0x10008b88                        . = ALIGN (0x4)
                0x10008b78                        __binary_info_start = .

.binary_info    0x10008b78       0x20
 *(.binary_info.keep.*)
 .binary_info.keep.__bi_ptr84
                0x10008b78        0x4 CMakeFiles/SemaforoInteligente.dir/C_/Users/ari_z/.pico-sdk/sdk/2.1.1/src/rp2_common/pico_standard_binary_info/standard_binary_info.c.obj
 .binary_info.keep.__bi_ptr78
                0x10008b7c        0x4 CMakeFiles/SemaforoInteligente.dir/C_/Users/ari_z/.pico-sdk/sdk/2.1.1/src/rp2_common/pico_standard_binary_info/standard_binary_info.c.obj
 .binary_info.keep.__bi_ptr54
                0x10008b80        0x4 CMakeFiles/SemaforoInteligente.dir/C_/Users/ari_z/.pico-sdk/sdk/2.1.1/src/rp2_common/pico_standard_binary_info/standard_binary_info.c.obj
 .binary_info.keep.__bi_ptr48
                0x10008b84        0x4 CMakeFiles/SemaforoInteligente.dir/C_/Users/ari_z/.pico-sdk/sdk/2.1.1/src/rp2_common/pico_standard_binary_info/standard_binary_info.c.obj
 .binary_info.keep.__bi_ptr42
                0x10008b88        0x4 CMakeFiles/SemaforoInteligente.dir/C_/Users/ari_z/.pico-sdk/sdk/2.1.1/src/rp2_common/pico_standard_binary_info/standard_binary_info.c.obj
 .binary_info.keep.__bi_ptr34
                0x10008b8c        0x4 CMakeFiles/SemaforoInteligente.dir/C_/Users/ari_z/.pico-sdk/sdk/2.1.1/src/rp2_common/pico_standard_binary_info/standard_binary_info.c.obj
 .binary_info.keep.__bi_ptr26
                0x10008b90        0x4 CMakeFiles/SemaforoInteligente.dir/C_/Users/ari_z/.pico-sdk/sdk/2.1.1/src/rp2_common/pico_standard_binary_info/standard_binary_info.c.obj
 *(.binary_info.*)
 .binary_info.__bi_ptr197
                0x10008b94        0x4 CMakeFiles/SemaforoInteligente.dir/C_/Users/ari_z/.pico-sdk/sdk/2.1.1/src/rp2_common/pico_stdio_usb/stdio_usb.c.obj
                0x10008b98                        __binary_info_end = .

.rel.dyn        0x10008b98        0x0
 .rel.iplt      0x10008b98        0x0 C:/Users/ari_z/.pico-sdk/toolchain/14_2_Rel1/bin/../lib/gcc/arm-none-eabi/14.2.1/thumb/v6-m/nofp/crtbegin.o
                0x10008b98                        . = ALIGN (0x4)

.ram_vector_table
                0x20000000       0xc0
 *(.ram_vector_table)
 .ram_vector_table
                0x20000000       0xc0 CMakeFiles/SemaforoInteligente.dir/C_/Users/ari_z/.pico-sdk/sdk/2.1.1/src/rp2_common/pico_runtime_init/runtime_init.c.obj
                0x20000000                ram_vector_table

.uninitialized_data
                0x200000c0        0x0
                0x200000c0                        . = ALIGN (0x4)
 *(.uninitialized_data*)

.data           0x200000c0     0x1568 load address 0x10008b98
                0x200000c0                        __data_start__ = .
 *(vtable)
 *(.time_critical*)
 .time_critical.mutex_enter_blocking
                0x200000c0       0x3c CMakeFiles/SemaforoInteligente.dir/C_/Users/ari_z/.pico-sdk/sdk/2.1.1/src/common/pico_sync/mutex.c.obj
                0x200000c0                mutex_enter_blocking
 .time_critical.mutex_try_enter
                0x200000fc       0x40 CMakeFiles/SemaforoInteligente.dir/C_/Users/ari_z/.pico-sdk/sdk/2.1.1/src/common/pico_sync/mutex.c.obj
                0x200000fc                mutex_try_enter
 .time_critical.mutex_try_enter_block_until
                0x2000013c       0xa0 CMakeFiles/SemaforoInteligente.dir/C_/Users/ari_z/.pico-sdk/sdk/2.1.1/src/common/pico_sync/mutex.c.obj
                0x2000013c                mutex_try_enter_block_until
 .time_critical.mutex_enter_timeout_ms
                0x200001dc       0x74 CMakeFiles/SemaforoInteligente.dir/C_/Users/ari_z/.pico-sdk/sdk/2.1.1/src/common/pico_sync/mutex.c.obj
                0x200001dc                mutex_enter_timeout_ms
 .time_critical.mutex_exit
                0x20000250       0x20 CMakeFiles/SemaforoInteligente.dir/C_/Users/ari_z/.pico-sdk/sdk/2.1.1/src/common/pico_sync/mutex.c.obj
                0x20000250                mutex_exit
 .time_critical.flash_init_boot2_copyout
                0x20000270       0x30 CMakeFiles/SemaforoInteligente.dir/C_/Users/ari_z/.pico-sdk/sdk/2.1.1/src/rp2_common/hardware_flash/flash.c.obj
 .time_critical.flash_enable_xip_via_boot2
                0x200002a0        0xc CMakeFiles/SemaforoInteligente.dir/C_/Users/ari_z/.pico-sdk/sdk/2.1.1/src/rp2_common/hardware_flash/flash.c.obj
 .time_critical.flash_cs_force
                0x200002ac       0x38 CMakeFiles/SemaforoInteligente.dir/C_/Users/ari_z/.pico-sdk/sdk/2.1.1/src/rp2_common/hardware_flash/flash.c.obj
 .time_critical.flash_do_cmd
                0x200002e4      0x130 CMakeFiles/SemaforoInteligente.dir/C_/Users/ari_z/.pico-sdk/sdk/2.1.1/src/rp2_common/hardware_flash/flash.c.obj
                0x200002e4                flash_do_cmd
 .time_critical.reset_non_control_endpoints
                0x20000414       0x68 CMakeFiles/SemaforoInteligente.dir/C_/Users/ari_z/.pico-sdk/sdk/2.1.1/lib/tinyusb/src/portable/raspberrypi/rp2040/dcd_rp2040.c.obj
 .time_critical.hw_handle_buff_status
                0x2000047c       0xa0 CMakeFiles/SemaforoInteligente.dir/C_/Users/ari_z/.pico-sdk/sdk/2.1.1/lib/tinyusb/src/portable/raspberrypi/rp2040/dcd_rp2040.c.obj
 .time_critical.dcd_rp2040_irq
                0x2000051c      0x548 CMakeFiles/SemaforoInteligente.dir/C_/Users/ari_z/.pico-sdk/sdk/2.1.1/lib/tinyusb/src/portable/raspberrypi/rp2040/dcd_rp2040.c.obj
 .time_critical.prepare_ep_buffer
                0x20000a64       0xc8 CMakeFiles/SemaforoInteligente.dir/C_/Users/ari_z/.pico-sdk/sdk/2.1.1/lib/tinyusb/src/portable/raspberrypi/rp2040/rp2040_usb.c.obj
 .time_critical.sync_ep_buffer
                0x20000b2c       0x9c CMakeFiles/SemaforoInteligente.dir/C_/Users/ari_z/.pico-sdk/sdk/2.1.1/lib/tinyusb/src/portable/raspberrypi/rp2040/rp2040_usb.c.obj
 .time_critical._hw_endpoint_xfer_sync
                0x20000bc8       0x28 CMakeFiles/SemaforoInteligente.dir/C_/Users/ari_z/.pico-sdk/sdk/2.1.1/lib/tinyusb/src/portable/raspberrypi/rp2040/rp2040_usb.c.obj
 .time_critical.e15_is_bulkin_ep
                0x20000bf0       0x28 CMakeFiles/SemaforoInteligente.dir/C_/Users/ari_z/.pico-sdk/sdk/2.1.1/lib/tinyusb/src/portable/raspberrypi/rp2040/rp2040_usb.c.obj
 .time_critical.e15_is_critical_frame_period
                0x20000c18       0x34 CMakeFiles/SemaforoInteligente.dir/C_/Users/ari_z/.pico-sdk/sdk/2.1.1/lib/tinyusb/src/portable/raspberrypi/rp2040/rp2040_usb.c.obj
 .time_critical.hw_endpoint_reset_transfer
                0x20000c4c        0xc CMakeFiles/SemaforoInteligente.dir/C_/Users/ari_z/.pico-sdk/sdk/2.1.1/lib/tinyusb/src/portable/raspberrypi/rp2040/rp2040_usb.c.obj
                0x20000c4c                hw_endpoint_reset_transfer
 .time_critical._hw_endpoint_buffer_control_update32
                0x20000c58       0x50 CMakeFiles/SemaforoInteligente.dir/C_/Users/ari_z/.pico-sdk/sdk/2.1.1/lib/tinyusb/src/portable/raspberrypi/rp2040/rp2040_usb.c.obj
                0x20000c58                _hw_endpoint_buffer_control_update32
 .time_critical.hw_endpoint_start_next_buffer
                0x20000ca8       0x68 CMakeFiles/SemaforoInteligente.dir/C_/Users/ari_z/.pico-sdk/sdk/2.1.1/lib/tinyusb/src/portable/raspberrypi/rp2040/rp2040_usb.c.obj
                0x20000ca8                hw_endpoint_start_next_buffer
 .time_critical.hw_endpoint_xfer_continue
                0x20000d10       0x40 CMakeFiles/SemaforoInteligente.dir/C_/Users/ari_z/.pico-sdk/sdk/2.1.1/lib/tinyusb/src/portable/raspberrypi/rp2040/rp2040_usb.c.obj
                0x20000d10                hw_endpoint_xfer_continue
 .time_critical.tinyusb
                0x20000d50      0x1e4 CMakeFiles/SemaforoInteligente.dir/C_/Users/ari_z/.pico-sdk/sdk/2.1.1/lib/tinyusb/src/device/usbd.c.obj
                0x20000d50                dcd_event_handler
 *(.text*)
 .text          0x20000f34        0x4 C:/Users/ari_z/.pico-sdk/toolchain/14_2_Rel1/bin/../lib/gcc/arm-none-eabi/14.2.1/thumb/v6-m/nofp\libgcc.a(_dvmd_tls.o)
                0x20000f34                __aeabi_idiv0
                0x20000f34                __aeabi_ldiv0
 .text.__stub   0x20000f38       0xb0 linker stubs
                0x20000fe8                        . = ALIGN (0x4)
 *(.rodata*)
                0x20000fe8                        . = ALIGN (0x4)
 *(.data*)
 .data.modo     0x20000fe8        0x1 CMakeFiles/SemaforoInteligente.dir/semaforo_inteligente.c.obj
                0x20000fe8                modo
 .data.striped_spin_lock_num
                0x20000fe9        0x1 CMakeFiles/SemaforoInteligente.dir/C_/Users/ari_z/.pico-sdk/sdk/2.1.1/src/rp2_common/hardware_sync/sync.c.obj
 *fill*         0x20000fea        0x2 
 .data          0x20000fec       0x48 CMakeFiles/SemaforoInteligente.dir/C_/Users/ari_z/.pico-sdk/sdk/2.1.1/src/rp2_common/hardware_irq/irq_handler_chain.S.obj
                0x20000fec                irq_handler_chain_slots
                0x2000101c                irq_handler_chain_first_slot
                0x20001026                irq_handler_chain_remove_tail
 .data.default_alarm_pool
                0x20001034       0x18 CMakeFiles/SemaforoInteligente.dir/C_/Users/ari_z/.pico-sdk/sdk/2.1.1/src/common/pico_time/time.c.obj
 *fill*         0x2000104c        0x4 
 .data.aeabi_bits_funcs
                0x20001050       0x10 CMakeFiles/SemaforoInteligente.dir/C_/Users/ari_z/.pico-sdk/sdk/2.1.1/src/rp2_common/pico_bit_ops/bit_ops_aeabi.S.obj
                0x20001050                aeabi_bits_funcs
                0x20001060                aeabi_bits_funcs_end
 .data.aeabi_mem_funcs
                0x20001060       0x10 CMakeFiles/SemaforoInteligente.dir/C_/Users/ari_z/.pico-sdk/sdk/2.1.1/src/rp2_common/pico_mem_ops/mem_ops_aeabi.S.obj
                0x20001060                aeabi_mem_funcs
                0x20001070                aeabi_mem_funcs_end
 .data.stdio_usb
                0x20001070       0x18 CMakeFiles/SemaforoInteligente.dir/C_/Users/ari_z/.pico-sdk/sdk/2.1.1/src/rp2_common/pico_stdio_usb/stdio_usb.c.obj
                0x20001070                stdio_usb
 .data._usbd_qdef
                0x20001088       0x1c CMakeFiles/SemaforoInteligente.dir/C_/Users/ari_z/.pico-sdk/sdk/2.1.1/lib/tinyusb/src/device/usbd.c.obj
                0x20001088                _usbd_qdef
 .data._usbd_rhport
                0x200010a4        0x1 CMakeFiles/SemaforoInteligente.dir/C_/Users/ari_z/.pico-sdk/sdk/2.1.1/lib/tinyusb/src/device/usbd.c.obj
 *fill*         0x200010a5        0x3 
 .data.i2c1_inst
                0x200010a8        0x8 CMakeFiles/SemaforoInteligente.dir/C_/Users/ari_z/.pico-sdk/sdk/2.1.1/src/rp2_common/hardware_i2c/i2c.c.obj
                0x200010a8                i2c1_inst
 .data.i2c0_inst
                0x200010b0        0x8 CMakeFiles/SemaforoInteligente.dir/C_/Users/ari_z/.pico-sdk/sdk/2.1.1/src/rp2_common/hardware_i2c/i2c.c.obj
                0x200010b0                i2c0_inst
 .data.ucPrimaryCoreNum
                0x200010b8        0x1 CMakeFiles/SemaforoInteligente.dir/D_/FreeRTOS-Kernel/portable/ThirdParty/GCC/RP2040/port.c.obj
 *fill*         0x200010b9        0x3 
 .data.__malloc_sbrk_base
                0x200010bc        0x4 C:/Users/ari_z/.pico-sdk/toolchain/14_2_Rel1/bin/../lib/gcc/arm-none-eabi/14.2.1/thumb/v6-m/nofp\libg.a(libc_a-mallocr.o)
                0x200010bc                __malloc_sbrk_base
 .data.__malloc_trim_threshold
                0x200010c0        0x4 C:/Users/ari_z/.pico-sdk/toolchain/14_2_Rel1/bin/../lib/gcc/arm-none-eabi/14.2.1/thumb/v6-m/nofp\libg.a(libc_a-mallocr.o)
                0x200010c0                __malloc_trim_threshold
 *fill*         0x200010c4        0x4 
 .data.__malloc_av_
                0x200010c8      0x408 C:/Users/ari_z/.pico-sdk/toolchain/14_2_Rel1/bin/../lib/gcc/arm-none-eabi/14.2.1/thumb/v6-m/nofp\libg.a(libc_a-mallocr.o)
                0x200010c8                __malloc_av_
 .data._impure_ptr
                0x200014d0        0x4 C:/Users/ari_z/.pico-sdk/toolchain/14_2_Rel1/bin/../lib/gcc/arm-none-eabi/14.2.1/thumb/v6-m/nofp\libg.a(libc_a-impure.o)
                0x200014d0                _impure_ptr
 *fill*         0x200014d4        0x4 
 .data._impure_data
                0x200014d8      0x140 C:/Users/ari_z/.pico-sdk/toolchain/14_2_Rel1/bin/../lib/gcc/arm-none-eabi/14.2.1/thumb/v6-m/nofp\libg.a(libc_a-impure.o)
                0x200014d8                _impure_data
                0x20001618                        . = ALIGN (0x4)
 *(.after_data.*)
                0x20001618                        . = ALIGN (0x4)
                0x20001618                        PROVIDE (__mutex_array_start = .)
 *(SORT_BY_NAME(.mutex_array.*))
 *(.mutex_array)
 .mutex_array   0x20001618        0x8 CMakeFiles/SemaforoInteligente.dir/C_/Users/ari_z/.pico-sdk/sdk/2.1.1/src/rp2_common/pico_malloc/malloc.c.obj
 .mutex_array   0x20001620        0x8 CMakeFiles/SemaforoInteligente.dir/C_/Users/ari_z/.pico-sdk/sdk/2.1.1/src/rp2_common/pico_stdio/stdio.c.obj
                0x20001628                        PROVIDE (__mutex_array_end = .)
                0x20001628                        . = ALIGN (0x4)
 *(.jcr)
                0x20001628                        . = ALIGN (0x4)

.tm_clone_table
                0x20001628        0x0 load address 0x1000a100
 .tm_clone_table
                0x20001628        0x0 C:/Users/ari_z/.pico-sdk/toolchain/14_2_Rel1/bin/../lib/gcc/arm-none-eabi/14.2.1/thumb/v6-m/nofp/crtbegin.o
 .tm_clone_table
                0x20001628        0x0 C:/Users/ari_z/.pico-sdk/toolchain/14_2_Rel1/bin/../lib/gcc/arm-none-eabi/14.2.1/thumb/v6-m/nofp/crtend.o

.igot.plt       0x20001628        0x0 load address 0x1000a100
 .igot.plt      0x20001628        0x0 C:/Users/ari_z/.pico-sdk/toolchain/14_2_Rel1/bin/../lib/gcc/arm-none-eabi/14.2.1/thumb/v6-m/nofp/crtbegin.o

.tdata          0x20001628        0x0 load address 0x1000a100
                0x20001628                        . = ALIGN (0x4)
 *(.tdata .tdata.* .gnu.linkonce.td.*)
                0x20001628                        __tdata_end = .
                0x20001628                        PROVIDE (__data_end__ = .)
                0x10008b98                        __etext = LOADADDR (.data)

.tbss           0x20001628        0x0 load address 0x1000a100